Archive member included to satisfy reference by file (symbol)

d:/tool/gcc-arm-none-eabi-10.3-2021.10/bin/../lib/gcc/arm-none-eabi/10.3.1/thumb/v7-m/nofp\libgcc.a(_arm_muldf3.o)
                              CMakeFiles/graft_PICTURE.elf.dir/Core/Src/lcd.c.obj (__aeabi_dmul)
d:/tool/gcc-arm-none-eabi-10.3-2021.10/bin/../lib/gcc/arm-none-eabi/10.3.1/thumb/v7-m/nofp\libgcc.a(_arm_mulsf3.o)
                              CMakeFiles/graft_PICTURE.elf.dir/PICTURE/piclib.c.obj (__aeabi_fmul)
d:/tool/gcc-arm-none-eabi-10.3-2021.10/bin/../lib/gcc/arm-none-eabi/10.3.1/thumb/v7-m/nofp\libgcc.a(_arm_addsubdf3.o)
                              CMakeFiles/graft_PICTURE.elf.dir/Core/Src/lcd.c.obj (__aeabi_i2d)
d:/tool/gcc-arm-none-eabi-10.3-2021.10/bin/../lib/gcc/arm-none-eabi/10.3.1/thumb/v7-m/nofp\libgcc.a(_arm_fixunsdfsi.o)
                              CMakeFiles/graft_PICTURE.elf.dir/Core/Src/lcd.c.obj (__aeabi_d2uiz)
d:/tool/gcc-arm-none-eabi-10.3-2021.10/bin/../lib/gcc/arm-none-eabi/10.3.1/thumb/v7-m/nofp\libgcc.a(_arm_addsubsf3.o)
                              CMakeFiles/graft_PICTURE.elf.dir/PICTURE/piclib.c.obj (__aeabi_fsub)
d:/tool/gcc-arm-none-eabi-10.3-2021.10/bin/../lib/gcc/arm-none-eabi/10.3.1/thumb/v7-m/nofp\libgcc.a(_arm_muldivsf3.o)
                              CMakeFiles/graft_PICTURE.elf.dir/PICTURE/piclib.c.obj (__aeabi_fdiv)
d:/tool/gcc-arm-none-eabi-10.3-2021.10/bin/../lib/gcc/arm-none-eabi/10.3.1/thumb/v7-m/nofp\libgcc.a(_arm_cmpsf2.o)
                              CMakeFiles/graft_PICTURE.elf.dir/TEXT/fontupd.c.obj (__aeabi_fcmpeq)
d:/tool/gcc-arm-none-eabi-10.3-2021.10/bin/../lib/gcc/arm-none-eabi/10.3.1/thumb/v7-m/nofp\libgcc.a(_arm_fixunssfsi.o)
                              CMakeFiles/graft_PICTURE.elf.dir/PICTURE/piclib.c.obj (__aeabi_f2uiz)
d:/tool/gcc-arm-none-eabi-10.3-2021.10/bin/../lib/gcc/arm-none-eabi/10.3.1/thumb/v7-m/nofp\libgcc.a(_aeabi_uldivmod.o)
                              CMakeFiles/graft_PICTURE.elf.dir/PICTURE/exfuns.c.obj (__aeabi_uldivmod)
d:/tool/gcc-arm-none-eabi-10.3-2021.10/bin/../lib/gcc/arm-none-eabi/10.3.1/thumb/v7-m/nofp\libgcc.a(_udivmoddi4.o)
                              d:/tool/gcc-arm-none-eabi-10.3-2021.10/bin/../lib/gcc/arm-none-eabi/10.3.1/thumb/v7-m/nofp\libgcc.a(_aeabi_uldivmod.o) (__udivmoddi4)
d:/tool/gcc-arm-none-eabi-10.3-2021.10/bin/../lib/gcc/arm-none-eabi/10.3.1/thumb/v7-m/nofp\libgcc.a(_dvmd_tls.o)
                              d:/tool/gcc-arm-none-eabi-10.3-2021.10/bin/../lib/gcc/arm-none-eabi/10.3.1/thumb/v7-m/nofp\libgcc.a(_aeabi_uldivmod.o) (__aeabi_ldiv0)
d:/tool/gcc-arm-none-eabi-10.3-2021.10/bin/../lib/gcc/arm-none-eabi/10.3.1/../../../../arm-none-eabi/lib/thumb/v7-m/nofp\libg.a(lib_a-errno.o)
                              CMakeFiles/graft_PICTURE.elf.dir/Core/Src/retarget.c.obj (__errno)
d:/tool/gcc-arm-none-eabi-10.3-2021.10/bin/../lib/gcc/arm-none-eabi/10.3.1/../../../../arm-none-eabi/lib/thumb/v7-m/nofp\libg.a(lib_a-exit.o)
                              d:/tool/gcc-arm-none-eabi-10.3-2021.10/bin/../lib/gcc/arm-none-eabi/10.3.1/../../../../arm-none-eabi/lib/thumb/v7-m/nofp/crt0.o (exit)
d:/tool/gcc-arm-none-eabi-10.3-2021.10/bin/../lib/gcc/arm-none-eabi/10.3.1/../../../../arm-none-eabi/lib/thumb/v7-m/nofp\libg.a(lib_a-impure.o)
                              d:/tool/gcc-arm-none-eabi-10.3-2021.10/bin/../lib/gcc/arm-none-eabi/10.3.1/../../../../arm-none-eabi/lib/thumb/v7-m/nofp\libg.a(lib_a-exit.o) (_global_impure_ptr)
d:/tool/gcc-arm-none-eabi-10.3-2021.10/bin/../lib/gcc/arm-none-eabi/10.3.1/../../../../arm-none-eabi/lib/thumb/v7-m/nofp\libg.a(lib_a-init.o)
                              d:/tool/gcc-arm-none-eabi-10.3-2021.10/bin/../lib/gcc/arm-none-eabi/10.3.1/../../../../arm-none-eabi/lib/thumb/v7-m/nofp/crt0.o (__libc_init_array)
d:/tool/gcc-arm-none-eabi-10.3-2021.10/bin/../lib/gcc/arm-none-eabi/10.3.1/../../../../arm-none-eabi/lib/thumb/v7-m/nofp\libg.a(lib_a-memset.o)
                              d:/tool/gcc-arm-none-eabi-10.3-2021.10/bin/../lib/gcc/arm-none-eabi/10.3.1/../../../../arm-none-eabi/lib/thumb/v7-m/nofp/crt0.o (memset)
d:/tool/gcc-arm-none-eabi-10.3-2021.10/bin/../lib/gcc/arm-none-eabi/10.3.1/../../../../arm-none-eabi/lib/thumb/v7-m/nofp\libg.a(lib_a-printf.o)
                              CMakeFiles/graft_PICTURE.elf.dir/Core/Src/esp8266.c.obj (printf)
d:/tool/gcc-arm-none-eabi-10.3-2021.10/bin/../lib/gcc/arm-none-eabi/10.3.1/../../../../arm-none-eabi/lib/thumb/v7-m/nofp\libg.a(lib_a-puts.o)
                              CMakeFiles/graft_PICTURE.elf.dir/Core/Src/esp8266.c.obj (puts)
d:/tool/gcc-arm-none-eabi-10.3-2021.10/bin/../lib/gcc/arm-none-eabi/10.3.1/../../../../arm-none-eabi/lib/thumb/v7-m/nofp\libg.a(lib_a-setvbuf.o)
                              CMakeFiles/graft_PICTURE.elf.dir/Core/Src/retarget.c.obj (setvbuf)
d:/tool/gcc-arm-none-eabi-10.3-2021.10/bin/../lib/gcc/arm-none-eabi/10.3.1/../../../../arm-none-eabi/lib/thumb/v7-m/nofp\libg.a(lib_a-sprintf.o)
[...]
Memory Configuration

Name             Origin             Length             Attributes
RAM              0x20000000         0x00010000         xrw
FLASH            0x08000000         0x00080000         xr
*default*        0x00000000         0xffffffff

Linker script and memory map

LOAD d:/tool/gcc-arm-none-eabi-10.3-2021.10/bin/../lib/gcc/arm-none-eabi/10.3.1/thumb/v7-m/nofp/crti.o
LOAD d:/tool/gcc-arm-none-eabi-10.3-2021.10/bin/../lib/gcc/arm-none-eabi/10.3.1/thumb/v7-m/nofp/crtbegin.o
LOAD d:/tool/gcc-arm-none-eabi-10.3-2021.10/bin/../lib/gcc/arm-none-eabi/10.3.1/../../../../arm-none-eabi/lib/thumb/v7-m/nofp/crt0.o
LOAD CMakeFiles/graft_PICTURE.elf.dir/Core/Src/dma.c.obj
LOAD CMakeFiles/graft_PICTURE.elf.dir/Core/Src/esp8266.c.obj
LOAD CMakeFiles/graft_PICTURE.elf.dir/Core/Src/fsmc.c.obj
LOAD CMakeFiles/graft_PICTURE.elf.dir/Core/Src/gpio.c.obj
LOAD CMakeFiles/graft_PICTURE.elf.dir/Core/Src/lcd.c.obj
LOAD CMakeFiles/graft_PICTURE.elf.dir/Core/Src/main.c.obj
LOAD CMakeFiles/graft_PICTURE.elf.dir/Core/Src/malloc.c.obj
LOAD CMakeFiles/graft_PICTURE.elf.dir/Core/Src/retarget.c.obj
LOAD CMakeFiles/graft_PICTURE.elf.dir/Core/Src/sdio.c.obj
LOAD CMakeFiles/graft_PICTURE.elf.dir/Core/Src/spi.c.obj
LOAD CMakeFiles/graft_PICTURE.elf.dir/Core/Src/stm32f1xx_hal_msp.c.obj
LOAD CMakeFiles/graft_PICTURE.elf.dir/Core/Src/stm32f1xx_it.c.obj
LOAD CMakeFiles/graft_PICTURE.elf.dir/Core/Src/syscalls.c.obj
LOAD CMakeFiles/graft_PICTURE.elf.dir/Core/Src/system_stm32f1xx.c.obj
LOAD CMakeFiles/graft_PICTURE.elf.dir/Core/Src/usart.c.obj
LOAD CMakeFiles/graft_PICTURE.elf.dir/Core/Src/w25q.c.obj
LOAD CMakeFiles/graft_PICTURE.elf.dir/Drivers/STM32F1xx_HAL_Driver/Src/stm32f1xx_hal.c.obj
LOAD CMakeFiles/graft_PICTURE.elf.dir/Drivers/STM32F1xx_HAL_Driver/Src/stm32f1xx_hal_cortex.c.obj
LOAD CMakeFiles/graft_PICTURE.elf.dir/Drivers/STM32F1xx_HAL_Driver/Src/stm32f1xx_hal_dma.c.obj
LOAD CMakeFiles/graft_PICTURE.elf.dir/Drivers/STM32F1xx_HAL_Driver/Src/stm32f1xx_hal_exti.c.obj
LOAD CMakeFiles/graft_PICTURE.elf.dir/Drivers/STM32F1xx_HAL_Driver/Src/stm32f1xx_hal_flash.c.obj
LOAD CMakeFiles/graft_PICTURE.elf.dir/Drivers/STM32F1xx_HAL_Driver/Src/stm32f1xx_hal_flash_ex.c.obj
LOAD CMakeFiles/graft_PICTURE.elf.dir/Drivers/STM32F1xx_HAL_Driver/Src/stm32f1xx_hal_gpio.c.obj
LOAD CMakeFiles/graft_PICTURE.elf.dir/Drivers/STM32F1xx_HAL_Driver/Src/stm32f1xx_hal_gpio_ex.c.obj
LOAD CMakeFiles/graft_PICTURE.elf.dir/Drivers/STM32F1xx_HAL_Driver/Src/stm32f1xx_hal_pwr.c.obj
LOAD CMakeFiles/graft_PICTURE.elf.dir/Drivers/STM32F1xx_HAL_Driver/Src/stm32f1xx_hal_rcc.c.obj
LOAD CMakeFiles/graft_PICTURE.elf.dir/Drivers/STM32F1xx_HAL_Driver/Src/stm32f1xx_hal_rcc_ex.c.obj
LOAD CMakeFiles/graft_PICTURE.elf.dir/Drivers/STM32F1xx_HAL_Driver/Src/stm32f1xx_hal_sd.c.obj
LOAD CMakeFiles/graft_PICTURE.elf.dir/Drivers/STM32F1xx_HAL_Driver/Src/stm32f1xx_hal_spi.c.obj
LOAD CMakeFiles/graft_PICTURE.elf.dir/Drivers/STM32F1xx_HAL_Driver/Src/stm32f1xx_hal_sram.c.obj
LOAD CMakeFiles/graft_PICTURE.elf.dir/Drivers/STM32F1xx_HAL_Driver/Src/stm32f1xx_hal_tim.c.obj
LOAD CMakeFiles/graft_PICTURE.elf.dir/Drivers/STM32F1xx_HAL_Driver/Src/stm32f1xx_hal_tim_ex.c.obj
LOAD CMakeFiles/graft_PICTURE.elf.dir/Drivers/STM32F1xx_HAL_Driver/Src/stm32f1xx_hal_uart.c.obj
LOAD CMakeFiles/graft_PICTURE.elf.dir/Drivers/STM32F1xx_HAL_Driver/Src/stm32f1xx_ll_fsmc.c.obj
LOAD CMakeFiles/graft_PICTURE.elf.dir/Drivers/STM32F1xx_HAL_Driver/Src/stm32f1xx_ll_sdmmc.c.obj
LOAD CMakeFiles/graft_PICTURE.elf.dir/FATFS/App/fatfs.c.obj
LOAD CMakeFiles/graft_PICTURE.elf.dir/FATFS/Target/bsp_driver_sd.c.obj
LOAD CMakeFiles/graft_PICTURE.elf.dir/Middlewares/Third_Party/FatFs/src/diskio.c.obj
LOAD CMakeFiles/graft_PICTURE.elf.dir/Middlewares/Third_Party/FatFs/src/drivers/sd_diskio.c.obj
LOAD CMakeFiles/graft_PICTURE.elf.dir/Middlewares/Third_Party/FatFs/src/ff.c.obj
LOAD CMakeFiles/graft_PICTURE.elf.dir/Middlewares/Third_Party/FatFs/src/ff_gen_drv.c.obj
LOAD CMakeFiles/graft_PICTURE.elf.dir/Middlewares/Third_Party/FatFs/src/option/cc936.c.obj
LOAD CMakeFiles/graft_PICTURE.elf.dir/Middlewares/Third_Party/FatFs/src/option/syscall.c.obj
LOAD CMakeFiles/graft_PICTURE.elf.dir/PICTURE/bmp.c.obj
LOAD CMakeFiles/graft_PICTURE.elf.dir/PICTURE/exfuns.c.obj
LOAD CMakeFiles/graft_PICTURE.elf.dir/PICTURE/gif.c.obj
LOAD CMakeFiles/graft_PICTURE.elf.dir/PICTURE/piclib.c.obj
LOAD CMakeFiles/graft_PICTURE.elf.dir/PICTURE/tjpgd.c.obj
LOAD CMakeFiles/graft_PICTURE.elf.dir/TEXT/fontupd.c.obj
LOAD CMakeFiles/graft_PICTURE.elf.dir/TEXT/text.c.obj
LOAD CMakeFiles/graft_PICTURE.elf.dir/startup/startup_stm32f103xe.s.obj
START GROUP
LOAD d:/tool/gcc-arm-none-eabi-10.3-2021.10/bin/../lib/gcc/arm-none-eabi/10.3.1/thumb/v7-m/nofp\libgcc.a
LOAD d:/tool/gcc-arm-none-eabi-10.3-2021.10/bin/../lib/gcc/arm-none-eabi/10.3.1/../../../../arm-none-eabi/lib/thumb/v7-m/nofp\libg.a
LOAD d:/tool/gcc-arm-none-eabi-10.3-2021.10/bin/../lib/gcc/arm-none-eabi/10.3.1/../../../../arm-none-eabi/lib/thumb/v7-m/nofp\libc.a
END GROUP
LOAD d:/tool/gcc-arm-none-eabi-10.3-2021.10/bin/../lib/gcc/arm-none-eabi/10.3.1/thumb/v7-m/nofp/crtend.o
LOAD d:/tool/gcc-arm-none-eabi-10.3-2021.10/bin/../lib/gcc/arm-none-eabi/10.3.1/thumb/v7-m/nofp/crtn.o
                0x20010000                _estack = (ORIGIN (RAM) + LENGTH (RAM))
                0x00001200                _Min_Heap_Size = 0x1200
                0x00001400                _Min_Stack_Size = 0x1400

.isr_vector     0x08000000      0x1e4
                0x08000000                . = ALIGN (0x4)
 *(.isr_vector)
 .isr_vector    0x08000000      0x1e4 CMakeFiles/graft_PICTURE.elf.dir/startup/startup_stm32f103xe.s.obj
                0x08000000                g_pfnVectors
                0x080001e4                . = ALIGN (0x4)

.text           0x080001e8    0x12d7c
                0x080001e8                . = ALIGN (0x4)
 *(.text)
 .text          0x080001e8       0x40 d:/tool/gcc-arm-none-eabi-10.3-2021.10/bin/../lib/gcc/arm-none-eabi/10.3.1/thumb/v7-m/nofp/crtbegin.o
 .text          0x08000228      0x378 d:/tool/gcc-arm-none-eabi-10.3-2021.10/bin/../lib/gcc/arm-none-eabi/10.3.1/thumb/v7-m/nofp\libgcc.a(_arm_addsubdf3.o)
                0x08000228                __aeabi_drsub
                0x08000230                __aeabi_dsub
                0x08000230                __subdf3
                0x08000234                __aeabi_dadd
                0x08000234                __adddf3
                0x080004ac                __floatunsidf
                0x080004ac                __aeabi_ui2d
                0x080004cc                __floatsidf
                0x080004cc                __aeabi_i2d
                0x080004f0                __aeabi_f2d
                0x080004f0                __extendsfdf2
                0x08000534                __floatundidf
                0x08000534                __aeabi_ul2d
                0x08000544                __floatdidf
                0x08000544                __aeabi_l2d
 .text          0x080005a0       0x40 d:/tool/gcc-arm-none-eabi-10.3-2021.10/bin/../lib/gcc/arm-none-eabi/10.3.1/thumb/v7-m/nofp\libgcc.a(_arm_fixunsdfsi.o)
                0x080005a0                __aeabi_d2uiz
                0x080005a0                __fixunsdfsi
 .text          0x080005e0      0x21c d:/tool/gcc-arm-none-eabi-10.3-2021.10/bin/../lib/gcc/arm-none-eabi/10.3.1/thumb/v7-m/nofp\libgcc.a(_arm_addsubsf3.o)
                0x080005e0                __aeabi_frsub
                0x080005e8                __subsf3
                0x080005e8                __aeabi_fsub
                0x080005ec                __aeabi_fadd
                0x080005ec                __addsf3
                0x0800074c                __aeabi_ui2f
                0x0800074c                __floatunsisf
                0x08000754                __aeabi_i2f
                0x08000754                __floatsisf
                0x08000770                __aeabi_ul2f
                0x08000770                __floatundisf
                0x08000780                __aeabi_l2f
                0x08000780                __floatdisf
 .text          0x080007fc      0x2a0 d:/tool/gcc-arm-none-eabi-10.3-2021.10/bin/../lib/gcc/arm-none-eabi/10.3.1/thumb/v7-m/nofp\libgcc.a(_arm_muldivsf3.o)
                0x080007fc                __mulsf3
                0x080007fc                __aeabi_fmul
                0x08000964                __aeabi_fdiv
                0x08000964                __divsf3
 .text          0x08000a9c       0xec d:/tool/gcc-arm-none-eabi-10.3-2021.10/bin/../lib/gcc/arm-none-eabi/10.3.1/thumb/v7-m/nofp\libgcc.a(_arm_cmpsf2.o)
                0x08000a9c                __gesf2
                0x08000a9c                __gtsf2
                0x08000aa4                __lesf2
                0x08000aa4                __ltsf2
                0x08000aac                __nesf2
                0x08000aac                __eqsf2
                0x08000aac                __cmpsf2
                0x08000b0c                __aeabi_cfrcmple
                0x08000b14                __aeabi_cfcmpeq
                0x08000b14                __aeabi_cfcmple
                0x08000b24                __aeabi_fcmpeq
                0x08000b38                __aeabi_fcmplt
                0x08000b4c                __aeabi_fcmple
                0x08000b60                __aeabi_fcmpge
                0x08000b74                __aeabi_fcmpgt
 .text          0x08000b88       0x40 d:/tool/gcc-arm-none-eabi-10.3-2021.10/bin/../lib/gcc/arm-none-eabi/10.3.1/thumb/v7-m/nofp\libgcc.a(_arm_fixunssfsi.o)
                0x08000b88                __fixunssfsi
                0x08000b88                __aeabi_f2uiz
 .text          0x08000bc8       0x30 d:/tool/gcc-arm-none-eabi-10.3-2021.10/bin/../lib/gcc/arm-none-eabi/10.3.1/thumb/v7-m/nofp\libgcc.a(_aeabi_uldivmod.o)
                0x08000bc8                __aeabi_uldivmod
 .text          0x08000bf8      0x2d4 d:/tool/gcc-arm-none-eabi-10.3-2021.10/bin/../lib/gcc/arm-none-eabi/10.3.1/thumb/v7-m/nofp\libgcc.a(_udivmoddi4.o)
                0x08000bf8                __udivmoddi4
 .text          0x08000ecc        0x4 d:/tool/gcc-arm-none-eabi-10.3-2021.10/bin/../lib/gcc/arm-none-eabi/10.3.1/thumb/v7-m/nofp\libgcc.a(_dvmd_tls.o)
                0x08000ecc                __aeabi_idiv0
                0x08000ecc                __aeabi_ldiv0
 .text          0x08000ed0       0xec d:/tool/gcc-arm-none-eabi-10.3-2021.10/bin/../lib/gcc/arm-none-eabi/10.3.1/../../../../arm-none-eabi/lib/thumb/v7-m/nofp\libg.a(lib_a-memcpy.o)
                0x08000ed0                memcpy
 .text          0x08000fbc      0x424 d:/tool/gcc-arm-none-eabi-10.3-2021.10/bin/../lib/gcc/arm-none-eabi/10.3.1/thumb/v7-m/nofp\libgcc.a(_arm_muldivdf3.o)
                0x08000fbc                __aeabi_dmul
                0x08000fbc                __muldf3
                0x08001210                __divdf3
                0x08001210                __aeabi_ddiv
 .text          0x080013e0      0x110 d:/tool/gcc-arm-none-eabi-10.3-2021.10/bin/../lib/gcc/arm-none-eabi/10.3.1/thumb/v7-m/nofp\libgcc.a(_arm_cmpdf2.o)
                0x080013e0                __gtdf2
                0x080013e0                __gedf2
                0x080013e8                __ltdf2
                0x080013e8                __ledf2
                0x080013f0                __nedf2
                0x080013f0                __eqdf2
                0x080013f0                __cmpdf2
                0x0800146c                __aeabi_cdrcmple
                0x0800147c                __aeabi_cdcmpeq
                0x0800147c                __aeabi_cdcmple
                0x0800148c                __aeabi_dcmpeq
                0x080014a0                __aeabi_dcmplt
                0x080014b4                __aeabi_dcmple
                0x080014c8                __aeabi_dcmpge
                0x080014dc                __aeabi_dcmpgt
 .text          0x080014f0       0x2c d:/tool/gcc-arm-none-eabi-10.3-2021.10/bin/../lib/gcc/arm-none-eabi/10.3.1/thumb/v7-m/nofp\libgcc.a(_arm_unorddf2.o)
                0x080014f0                __unorddf2
                0x080014f0                __aeabi_dcmpun
 .text          0x0800151c       0x50 d:/tool/gcc-arm-none-eabi-10.3-2021.10/bin/../lib/gcc/arm-none-eabi/10.3.1/thumb/v7-m/nofp\libgcc.a(_arm_fixdfsi.o)
                0x0800151c                __aeabi_d2iz
                0x0800151c                __fixdfsi
 *(.text*)
 .text.MX_DMA_Init
                0x0800156c       0x44 CMakeFiles/graft_PICTURE.elf.dir/Core/Src/dma.c.obj
                0x0800156c                MX_DMA_Init
 .text.HAL_FSMC_MspInit
                0x080015b0       0x98 CMakeFiles/graft_PICTURE.elf.dir/Core/Src/fsmc.c.obj
 .text.MX_FSMC_Init
                0x08001648       0xf4 CMakeFiles/graft_PICTURE.elf.dir/Core/Src/fsmc.c.obj
                0x08001648                MX_FSMC_Init
 .text.HAL_SRAM_MspInit
                0x0800173c        0x8 CMakeFiles/graft_PICTURE.elf.dir/Core/Src/fsmc.c.obj
                0x0800173c                HAL_SRAM_MspInit
 .text.MX_GPIO_Init
                0x08001744      0x14c CMakeFiles/graft_PICTURE.elf.dir/Core/Src/gpio.c.obj
                0x08001744                MX_GPIO_Init
 .text.KEY_Scan
                0x08001890       0xb4 CMakeFiles/graft_PICTURE.elf.dir/Core/Src/gpio.c.obj
                0x08001890                KEY_Scan
 .text.LCD_WR_REG
                0x08001944       0x24 CMakeFiles/graft_PICTURE.elf.dir/Core/Src/lcd.c.obj
                0x08001944                LCD_WR_REG
 .text.LCD_WR_DATA
                0x08001968       0x24 CMakeFiles/graft_PICTURE.elf.dir/Core/Src/lcd.c.obj
                0x08001968                LCD_WR_DATA
 .text.LCD_RD_DATA
                0x0800198c       0x1c CMakeFiles/graft_PICTURE.elf.dir/Core/Src/lcd.c.obj
                0x0800198c                LCD_RD_DATA
 .text.LCD_WriteReg
                0x080019a8       0x10 CMakeFiles/graft_PICTURE.elf.dir/Core/Src/lcd.c.obj
                0x080019a8                LCD_WriteReg
 .text.LCD_WriteRAM_Prepare
                0x080019b8       0x14 CMakeFiles/graft_PICTURE.elf.dir/Core/Src/lcd.c.obj
                0x080019b8                LCD_WriteRAM_Prepare
 .text.LCD_SetCursor
                0x080019cc      0x10c CMakeFiles/graft_PICTURE.elf.dir/Core/Src/lcd.c.obj
                0x080019cc                LCD_SetCursor
 .text.LCD_Scan_Dir
                0x08001ad8      0x1d8 CMakeFiles/graft_PICTURE.elf.dir/Core/Src/lcd.c.obj
                0x08001ad8                LCD_Scan_Dir
 .text.LCD_Fast_DrawPoint
                0x08001cb0       0xf8 CMakeFiles/graft_PICTURE.elf.dir/Core/Src/lcd.c.obj
                0x08001cb0                LCD_Fast_DrawPoint
 .text.LCD_SSD_BackLightSet
                0x08001da8       0x50 CMakeFiles/graft_PICTURE.elf.dir/Core/Src/lcd.c.obj
                0x08001da8                LCD_SSD_BackLightSet
 .text.LCD_Display_Dir
                0x08001df8      0x118 CMakeFiles/graft_PICTURE.elf.dir/Core/Src/lcd.c.obj
                0x08001df8                LCD_Display_Dir
 .text.LCD_Clear
                0x08001f10       0x34 CMakeFiles/graft_PICTURE.elf.dir/Core/Src/lcd.c.obj
                0x08001f10                LCD_Clear
 .text.LCD_Init
                0x08001f44     0x24e0 CMakeFiles/graft_PICTURE.elf.dir/Core/Src/lcd.c.obj
                0x08001f44                LCD_Init
 .text.LCD_Fill
                0x08004424       0x48 CMakeFiles/graft_PICTURE.elf.dir/Core/Src/lcd.c.obj
                0x08004424                LCD_Fill
 .text.LCD_ShowChar
                0x0800446c       0xf8 CMakeFiles/graft_PICTURE.elf.dir/Core/Src/lcd.c.obj
                0x0800446c                LCD_ShowChar
 .text.LCD_Pow  0x08004564       0x16 CMakeFiles/graft_PICTURE.elf.dir/Core/Src/lcd.c.obj
                0x08004564                LCD_Pow
 *fill*         0x0800457a        0x2 
 .text.LCD_ShowNum
                0x0800457c       0x94 CMakeFiles/graft_PICTURE.elf.dir/Core/Src/lcd.c.obj
                0x0800457c                LCD_ShowNum
 .text.LCD_ShowString
                0x08004610       0x5a CMakeFiles/graft_PICTURE.elf.dir/Core/Src/lcd.c.obj
                0x08004610                LCD_ShowString
 .text.Error_Handler
                0x0800466a        0x4 CMakeFiles/graft_PICTURE.elf.dir/Core/Src/main.c.obj
                0x0800466a                Error_Handler
 .text.SystemClock_Config
                0x0800466e       0x64 CMakeFiles/graft_PICTURE.elf.dir/Core/Src/main.c.obj
                0x0800466e                SystemClock_Config
 *fill*         0x080046d2        0x2 
 .text.main     0x080046d4      0x2f8 CMakeFiles/graft_PICTURE.elf.dir/Core/Src/main.c.obj
                0x080046d4                main
 .text.my_mem_perused
                0x080049cc       0x40 CMakeFiles/graft_PICTURE.elf.dir/Core/Src/malloc.c.obj
                0x080049cc                my_mem_perused
 .text.mymemset
                0x08004a0c       0x10 CMakeFiles/graft_PICTURE.elf.dir/Core/Src/malloc.c.obj
                0x08004a0c                mymemset
 .text.my_mem_init
                0x08004a1c       0x40 CMakeFiles/graft_PICTURE.elf.dir/Core/Src/malloc.c.obj
                0x08004a1c                my_mem_init
 .text.my_mem_malloc
                0x08004a5c       0x90 CMakeFiles/graft_PICTURE.elf.dir/Core/Src/malloc.c.obj
                0x08004a5c                my_mem_malloc
 .text.my_mem_free
                0x08004aec       0x68 CMakeFiles/graft_PICTURE.elf.dir/Core/Src/malloc.c.obj
                0x08004aec                my_mem_free
 .text.myfree   0x08004b54       0x1c CMakeFiles/graft_PICTURE.elf.dir/Core/Src/malloc.c.obj
                0x08004b54                myfree
 .text.mymalloc
                0x08004b70       0x24 CMakeFiles/graft_PICTURE.elf.dir/Core/Src/malloc.c.obj
                0x08004b70                mymalloc
 .text.RetargetInit
                0x08004b94       0x20 CMakeFiles/graft_PICTURE.elf.dir/Core/Src/retarget.c.obj
                0x08004b94                RetargetInit
 .text._isatty  0x08004bb4       0x16 CMakeFiles/graft_PICTURE.elf.dir/Core/Src/retarget.c.obj
                0x08004bb4                _isatty
 *fill*         0x08004bca        0x2 
 .text._write   0x08004bcc       0x34 CMakeFiles/graft_PICTURE.elf.dir/Core/Src/retarget.c.obj
                0x08004bcc                _write
 .text._close   0x08004c00       0x18 CMakeFiles/graft_PICTURE.elf.dir/Core/Src/retarget.c.obj
                0x08004c00                _close
 .text._lseek   0x08004c18       0x10 CMakeFiles/graft_PICTURE.elf.dir/Core/Src/retarget.c.obj
                0x08004c18                _lseek
 .text._read    0x08004c28       0x30 CMakeFiles/graft_PICTURE.elf.dir/Core/Src/retarget.c.obj
                0x08004c28                _read
 .text._fstat   0x08004c58       0x1a CMakeFiles/graft_PICTURE.elf.dir/Core/Src/retarget.c.obj
                0x08004c58                _fstat
 *fill*         0x08004c72        0x2 
 .text.MX_SDIO_SD_Init
                0x08004c74       0x24 CMakeFiles/graft_PICTURE.elf.dir/Core/Src/sdio.c.obj
                0x08004c74                MX_SDIO_SD_Init
 .text.HAL_SD_MspInit
                0x08004c98       0x98 CMakeFiles/graft_PICTURE.elf.dir/Core/Src/sdio.c.obj
                0x08004c98                HAL_SD_MspInit
 .text.MX_SPI2_Init
                0x08004d30       0x40 CMakeFiles/graft_PICTURE.elf.dir/Core/Src/spi.c.obj
                0x08004d30                MX_SPI2_Init
 .text.HAL_SPI_MspInit
                0x08004d70       0x78 CMakeFiles/graft_PICTURE.elf.dir/Core/Src/spi.c.obj
                0x08004d70                HAL_SPI_MspInit
 .text.HAL_MspInit
                0x08004de8       0x44 CMakeFiles/graft_PICTURE.elf.dir/Core/Src/stm32f1xx_hal_msp.c.obj
                0x08004de8                HAL_MspInit
 .text.NMI_Handler
                0x08004e2c        0x2 CMakeFiles/graft_PICTURE.elf.dir/Core/Src/stm32f1xx_it.c.obj
                0x08004e2c                NMI_Handler
 .text.HardFault_Handler
                0x08004e2e        0x2 CMakeFiles/graft_PICTURE.elf.dir/Core/Src/stm32f1xx_it.c.obj
                0x08004e2e                HardFault_Handler
 .text.MemManage_Handler
                0x08004e30        0x2 CMakeFiles/graft_PICTURE.elf.dir/Core/Src/stm32f1xx_it.c.obj
                0x08004e30                MemManage_Handler
 .text.BusFault_Handler
                0x08004e32        0x2 CMakeFiles/graft_PICTURE.elf.dir/Core/Src/stm32f1xx_it.c.obj
                0x08004e32                BusFault_Handler
 .text.UsageFault_Handler
                0x08004e34        0x2 CMakeFiles/graft_PICTURE.elf.dir/Core/Src/stm32f1xx_it.c.obj
                0x08004e34                UsageFault_Handler
 .text.SVC_Handler
                0x08004e36        0x2 CMakeFiles/graft_PICTURE.elf.dir/Core/Src/stm32f1xx_it.c.obj
                0x08004e36                SVC_Handler
 .text.DebugMon_Handler
                0x08004e38        0x2 CMakeFiles/graft_PICTURE.elf.dir/Core/Src/stm32f1xx_it.c.obj
                0x08004e38                DebugMon_Handler
 .text.PendSV_Handler
                0x08004e3a        0x2 CMakeFiles/graft_PICTURE.elf.dir/Core/Src/stm32f1xx_it.c.obj
                0x08004e3a                PendSV_Handler
 .text.SysTick_Handler
                0x08004e3c        0x8 CMakeFiles/graft_PICTURE.elf.dir/Core/Src/stm32f1xx_it.c.obj
                0x08004e3c                SysTick_Handler
 .text.DMA1_Channel6_IRQHandler
                0x08004e44       0x10 CMakeFiles/graft_PICTURE.elf.dir/Core/Src/stm32f1xx_it.c.obj
                0x08004e44                DMA1_Channel6_IRQHandler
 .text.DMA1_Channel7_IRQHandler
                0x08004e54       0x10 CMakeFiles/graft_PICTURE.elf.dir/Core/Src/stm32f1xx_it.c.obj
                0x08004e54                DMA1_Channel7_IRQHandler
 .text.USART2_IRQHandler
                0x08004e64       0x10 CMakeFiles/graft_PICTURE.elf.dir/Core/Src/stm32f1xx_it.c.obj
                0x08004e64                USART2_IRQHandler
 .text.SDIO_IRQHandler
                0x08004e74       0x10 CMakeFiles/graft_PICTURE.elf.dir/Core/Src/stm32f1xx_it.c.obj
                0x08004e74                SDIO_IRQHandler
 .text._getpid  0x08004e84        0x4 CMakeFiles/graft_PICTURE.elf.dir/Core/Src/syscalls.c.obj
                0x08004e84                _getpid
 .text._kill    0x08004e88       0x10 CMakeFiles/graft_PICTURE.elf.dir/Core/Src/syscalls.c.obj
                0x08004e88                _kill
 .text._exit    0x08004e98        0xc CMakeFiles/graft_PICTURE.elf.dir/Core/Src/syscalls.c.obj
                0x08004e98                _exit
 .text._sbrk    0x08004ea4       0x3c CMakeFiles/graft_PICTURE.elf.dir/Core/Src/syscalls.c.obj
                0x08004ea4                _sbrk
 .text.SystemInit
                0x08004ee0        0x2 CMakeFiles/graft_PICTURE.elf.dir/Core/Src/system_stm32f1xx.c.obj
                0x08004ee0                SystemInit
 *fill*         0x08004ee2        0x2 
 .text.MX_USART1_UART_Init
                0x08004ee4       0x34 CMakeFiles/graft_PICTURE.elf.dir/Core/Src/usart.c.obj
                0x08004ee4                MX_USART1_UART_Init
 .text.MX_USART2_UART_Init
                0x08004f18       0x34 CMakeFiles/graft_PICTURE.elf.dir/Core/Src/usart.c.obj
                0x08004f18                MX_USART2_UART_Init
 .text.HAL_UART_MspInit
                0x08004f4c      0x14c CMakeFiles/graft_PICTURE.elf.dir/Core/Src/usart.c.obj
                0x08004f4c                HAL_UART_MspInit
 .text.SPI2_ReadWriteByte
                0x08005098       0x2c CMakeFiles/graft_PICTURE.elf.dir/Core/Src/w25q.c.obj
                0x08005098                SPI2_ReadWriteByte
 .text.W25QXX_ReadSR
                0x080050c4       0x44 CMakeFiles/graft_PICTURE.elf.dir/Core/Src/w25q.c.obj
                0x080050c4                W25QXX_ReadSR
 .text.W25QXX_Write_Enable
                0x08005108       0x28 CMakeFiles/graft_PICTURE.elf.dir/Core/Src/w25q.c.obj
                0x08005108                W25QXX_Write_Enable
 .text.W25QXX_ReadID
                0x08005130       0x50 CMakeFiles/graft_PICTURE.elf.dir/Core/Src/w25q.c.obj
                0x08005130                W25QXX_ReadID
 .text.W25QXX_Init
                0x08005180       0x58 CMakeFiles/graft_PICTURE.elf.dir/Core/Src/w25q.c.obj
                0x08005180                W25QXX_Init
 .text.W25QXX_Read
                0x080051d8       0x70 CMakeFiles/graft_PICTURE.elf.dir/Core/Src/w25q.c.obj
                0x080051d8                W25QXX_Read
 .text.W25QXX_Wait_Busy
                0x08005248       0x10 CMakeFiles/graft_PICTURE.elf.dir/Core/Src/w25q.c.obj
                0x08005248                W25QXX_Wait_Busy
 .text.W25QXX_Write_Page
                0x08005258       0x74 CMakeFiles/graft_PICTURE.elf.dir/Core/Src/w25q.c.obj
                0x08005258                W25QXX_Write_Page
 .text.W25QXX_Write_NoCheck
                0x080052cc       0x3e CMakeFiles/graft_PICTURE.elf.dir/Core/Src/w25q.c.obj
                0x080052cc                W25QXX_Write_NoCheck
 *fill*         0x0800530a        0x2 
 .text.W25QXX_Erase_Sector
                0x0800530c       0x64 CMakeFiles/graft_PICTURE.elf.dir/Core/Src/w25q.c.obj
                0x0800530c                W25QXX_Erase_Sector
 .text.W25QXX_Write
                0x08005370       0xa4 CMakeFiles/graft_PICTURE.elf.dir/Core/Src/w25q.c.obj
                0x08005370                W25QXX_Write
 .text.HAL_InitTick
                0x08005414       0x4c CMakeFiles/graft_PICTURE.elf.dir/Drivers/STM32F1xx_HAL_Driver/Src/stm32f1xx_hal.c.obj
                0x08005414                HAL_InitTick
 .text.HAL_Init
                0x08005460       0x24 CMakeFiles/graft_PICTURE.elf.dir/Drivers/STM32F1xx_HAL_Driver/Src/stm32f1xx_hal.c.obj
                0x08005460                HAL_Init
 .text.HAL_IncTick
                0x08005484       0x18 CMakeFiles/graft_PICTURE.elf.dir/Drivers/STM32F1xx_HAL_Driver/Src/stm32f1xx_hal.c.obj
                0x08005484                HAL_IncTick
 .text.HAL_GetTick
                0x0800549c        0xc CMakeFiles/graft_PICTURE.elf.dir/Drivers/STM32F1xx_HAL_Driver/Src/stm32f1xx_hal.c.obj
                0x0800549c                HAL_GetTick
 .text.HAL_Delay
                0x080054a8       0x28 CMakeFiles/graft_PICTURE.elf.dir/Drivers/STM32F1xx_HAL_Driver/Src/stm32f1xx_hal.c.obj
                0x080054a8                HAL_Delay
 .text.HAL_NVIC_SetPriorityGrouping
                0x080054d0       0x24 CMakeFiles/graft_PICTURE.elf.dir/Drivers/STM32F1xx_HAL_Driver/Src/stm32f1xx_hal_cortex.c.obj
                0x080054d0                HAL_NVIC_SetPriorityGrouping
 .text.HAL_NVIC_SetPriority
                0x080054f4       0x70 CMakeFiles/graft_PICTURE.elf.dir/Drivers/STM32F1xx_HAL_Driver/Src/stm32f1xx_hal_cortex.c.obj
                0x080054f4                HAL_NVIC_SetPriority
 .text.HAL_NVIC_EnableIRQ
                0x08005564       0x1c CMakeFiles/graft_PICTURE.elf.dir/Drivers/STM32F1xx_HAL_Driver/Src/stm32f1xx_hal_cortex.c.obj
                0x08005564                HAL_NVIC_EnableIRQ
 .text.HAL_SYSTICK_Config
                0x08005580       0x28 CMakeFiles/graft_PICTURE.elf.dir/Drivers/STM32F1xx_HAL_Driver/Src/stm32f1xx_hal_cortex.c.obj
                0x08005580                HAL_SYSTICK_Config
 .text.HAL_DMA_Init
                0x080055a8       0x98 CMakeFiles/graft_PICTURE.elf.dir/Drivers/STM32F1xx_HAL_Driver/Src/stm32f1xx_hal_dma.c.obj
                0x080055a8                HAL_DMA_Init
 .text.HAL_DMA_Abort
                0x08005640       0x44 CMakeFiles/graft_PICTURE.elf.dir/Drivers/STM32F1xx_HAL_Driver/Src/stm32f1xx_hal_dma.c.obj
                0x08005640                HAL_DMA_Abort
 .text.HAL_DMA_Abort_IT
                0x08005684      0x168 CMakeFiles/graft_PICTURE.elf.dir/Drivers/STM32F1xx_HAL_Driver/Src/stm32f1xx_hal_dma.c.obj
                0x08005684                HAL_DMA_Abort_IT
 .text.HAL_DMA_IRQHandler
                0x080057ec      0x2ec CMakeFiles/graft_PICTURE.elf.dir/Drivers/STM32F1xx_HAL_Driver/Src/stm32f1xx_hal_dma.c.obj
                0x080057ec                HAL_DMA_IRQHandler
 .text.HAL_GPIO_Init
                0x08005ad8      0x240 CMakeFiles/graft_PICTURE.elf.dir/Drivers/STM32F1xx_HAL_Driver/Src/stm32f1xx_hal_gpio.c.obj
                0x08005ad8                HAL_GPIO_Init
 .text.HAL_GPIO_ReadPin
                0x08005d18        0xe CMakeFiles/graft_PICTURE.elf.dir/Drivers/STM32F1xx_HAL_Driver/Src/stm32f1xx_hal_gpio.c.obj
                0x08005d18                HAL_GPIO_ReadPin
 .text.HAL_GPIO_WritePin
                0x08005d26        0xc CMakeFiles/graft_PICTURE.elf.dir/Drivers/STM32F1xx_HAL_Driver/Src/stm32f1xx_hal_gpio.c.obj
                0x08005d26                HAL_GPIO_WritePin
 .text.HAL_GPIO_TogglePin
                0x08005d32       0x12 CMakeFiles/graft_PICTURE.elf.dir/Drivers/STM32F1xx_HAL_Driver/Src/stm32f1xx_hal_gpio.c.obj
                0x08005d32                HAL_GPIO_TogglePin
 .text.RCC_Delay
                0x08005d44       0x2c CMakeFiles/graft_PICTURE.elf.dir/Drivers/STM32F1xx_HAL_Driver/Src/stm32f1xx_hal_rcc.c.obj
 .text.HAL_RCC_OscConfig
                0x08005d70      0x410 CMakeFiles/graft_PICTURE.elf.dir/Drivers/STM32F1xx_HAL_Driver/Src/stm32f1xx_hal_rcc.c.obj
                0x08005d70                HAL_RCC_OscConfig
 .text.HAL_RCC_GetSysClockFreq
                0x08006180       0x70 CMakeFiles/graft_PICTURE.elf.dir/Drivers/STM32F1xx_HAL_Driver/Src/stm32f1xx_hal_rcc.c.obj
                0x08006180                HAL_RCC_GetSysClockFreq
 .text.HAL_RCC_ClockConfig
                0x080061f0      0x16c CMakeFiles/graft_PICTURE.elf.dir/Drivers/STM32F1xx_HAL_Driver/Src/stm32f1xx_hal_rcc.c.obj
                0x080061f0                HAL_RCC_ClockConfig
 .text.HAL_RCC_GetHCLKFreq
                0x0800635c        0xc CMakeFiles/graft_PICTURE.elf.dir/Drivers/STM32F1xx_HAL_Driver/Src/stm32f1xx_hal_rcc.c.obj
                0x0800635c                HAL_RCC_GetHCLKFreq
 .text.HAL_RCC_GetPCLK1Freq
                0x08006368       0x20 CMakeFiles/graft_PICTURE.elf.dir/Drivers/STM32F1xx_HAL_Driver/Src/stm32f1xx_hal_rcc.c.obj
                0x08006368                HAL_RCC_GetPCLK1Freq
 .text.HAL_RCC_GetPCLK2Freq
                0x08006388       0x20 CMakeFiles/graft_PICTURE.elf.dir/Drivers/STM32F1xx_HAL_Driver/Src/stm32f1xx_hal_rcc.c.obj
                0x08006388                HAL_RCC_GetPCLK2Freq
 .text.SD_PowerON
                0x080063a8       0xc0 CMakeFiles/graft_PICTURE.elf.dir/Drivers/STM32F1xx_HAL_Driver/Src/stm32f1xx_hal_sd.c.obj
 .text.SD_Read_IT
                0x08006468       0x38 CMakeFiles/graft_PICTURE.elf.dir/Drivers/STM32F1xx_HAL_Driver/Src/stm32f1xx_hal_sd.c.obj
 .text.SD_Write_IT
                0x080064a0       0x48 CMakeFiles/graft_PICTURE.elf.dir/Drivers/STM32F1xx_HAL_Driver/Src/stm32f1xx_hal_sd.c.obj
 .text.SD_FindSCR
                0x080064e8      0x100 CMakeFiles/graft_PICTURE.elf.dir/Drivers/STM32F1xx_HAL_Driver/Src/stm32f1xx_hal_sd.c.obj
 .text.SD_WideBus_Enable
                0x080065e8       0x4e CMakeFiles/graft_PICTURE.elf.dir/Drivers/STM32F1xx_HAL_Driver/Src/stm32f1xx_hal_sd.c.obj
 .text.SD_WideBus_Disable
                0x08006636       0x4e CMakeFiles/graft_PICTURE.elf.dir/Drivers/STM32F1xx_HAL_Driver/Src/stm32f1xx_hal_sd.c.obj
 .text.SD_SendStatus
                0x08006684       0x2c CMakeFiles/graft_PICTURE.elf.dir/Drivers/STM32F1xx_HAL_Driver/Src/stm32f1xx_hal_sd.c.obj
 .text.HAL_SD_ReadBlocks
                0x080066b0      0x248 CMakeFiles/graft_PICTURE.elf.dir/Drivers/STM32F1xx_HAL_Driver/Src/stm32f1xx_hal_sd.c.obj
                0x080066b0                HAL_SD_ReadBlocks
 .text.HAL_SD_WriteBlocks
                0x080068f8      0x204 CMakeFiles/graft_PICTURE.elf.dir/Drivers/STM32F1xx_HAL_Driver/Src/stm32f1xx_hal_sd.c.obj
                0x080068f8                HAL_SD_WriteBlocks
 .text.HAL_SD_ErrorCallback
                0x08006afc        0x2 CMakeFiles/graft_PICTURE.elf.dir/Drivers/STM32F1xx_HAL_Driver/Src/stm32f1xx_hal_sd.c.obj
                0x08006afc                HAL_SD_ErrorCallback
 *fill*         0x08006afe        0x2 
 .text.HAL_SD_GetCardCSD
                0x08006b00      0x1b8 CMakeFiles/graft_PICTURE.elf.dir/Drivers/STM32F1xx_HAL_Driver/Src/stm32f1xx_hal_sd.c.obj
                0x08006b00                HAL_SD_GetCardCSD
 .text.SD_InitCard
                0x08006cb8      0x100 CMakeFiles/graft_PICTURE.elf.dir/Drivers/STM32F1xx_HAL_Driver/Src/stm32f1xx_hal_sd.c.obj
 .text.HAL_SD_InitCard
                0x08006db8       0xa0 CMakeFiles/graft_PICTURE.elf.dir/Drivers/STM32F1xx_HAL_Driver/Src/stm32f1xx_hal_sd.c.obj
                0x08006db8                HAL_SD_InitCard
 .text.HAL_SD_Init
                0x08006e58       0x36 CMakeFiles/graft_PICTURE.elf.dir/Drivers/STM32F1xx_HAL_Driver/Src/stm32f1xx_hal_sd.c.obj
                0x08006e58                HAL_SD_Init
 .text.HAL_SD_GetCardInfo
                0x08006e8e       0x24 CMakeFiles/graft_PICTURE.elf.dir/Drivers/STM32F1xx_HAL_Driver/Src/stm32f1xx_hal_sd.c.obj
                0x08006e8e                HAL_SD_GetCardInfo
 *fill*         0x08006eb2        0x2 
 .text.HAL_SD_ConfigWideBusOperation
                0x08006eb4       0xc0 CMakeFiles/graft_PICTURE.elf.dir/Drivers/STM32F1xx_HAL_Driver/Src/stm32f1xx_hal_sd.c.obj
                0x08006eb4                HAL_SD_ConfigWideBusOperation
 .text.HAL_SD_GetCardState
                0x08006f74       0x22 CMakeFiles/graft_PICTURE.elf.dir/Drivers/STM32F1xx_HAL_Driver/Src/stm32f1xx_hal_sd.c.obj
                0x08006f74                HAL_SD_GetCardState
 .text.SD_DMATxAbort
                0x08006f96       0x44 CMakeFiles/graft_PICTURE.elf.dir/Drivers/STM32F1xx_HAL_Driver/Src/stm32f1xx_hal_sd.c.obj
 .text.SD_DMARxAbort
                0x08006fda       0x44 CMakeFiles/graft_PICTURE.elf.dir/Drivers/STM32F1xx_HAL_Driver/Src/stm32f1xx_hal_sd.c.obj
 *fill*         0x0800701e        0x2 
 .text.HAL_SD_IRQHandler
                0x08007020      0x1cc CMakeFiles/graft_PICTURE.elf.dir/Drivers/STM32F1xx_HAL_Driver/Src/stm32f1xx_hal_sd.c.obj
                0x08007020                HAL_SD_IRQHandler
 .text.SPI_WaitFlagStateUntilTimeout
                0x080071ec       0xd4 CMakeFiles/graft_PICTURE.elf.dir/Drivers/STM32F1xx_HAL_Driver/Src/stm32f1xx_hal_spi.c.obj
 .text.SPI_EndRxTxTransaction
                0x080072c0       0x24 CMakeFiles/graft_PICTURE.elf.dir/Drivers/STM32F1xx_HAL_Driver/Src/stm32f1xx_hal_spi.c.obj
 .text.HAL_SPI_Init
                0x080072e4       0xb6 CMakeFiles/graft_PICTURE.elf.dir/Drivers/STM32F1xx_HAL_Driver/Src/stm32f1xx_hal_spi.c.obj
                0x080072e4                HAL_SPI_Init
 .text.HAL_SPI_TransmitReceive
                0x0800739a      0x238 CMakeFiles/graft_PICTURE.elf.dir/Drivers/STM32F1xx_HAL_Driver/Src/stm32f1xx_hal_spi.c.obj
                0x0800739a                HAL_SPI_TransmitReceive
 .text.HAL_SRAM_Init
                0x080075d2       0x64 CMakeFiles/graft_PICTURE.elf.dir/Drivers/STM32F1xx_HAL_Driver/Src/stm32f1xx_hal_sram.c.obj
                0x080075d2                HAL_SRAM_Init
 .text.UART_EndRxTransfer
                0x08007636       0x32 CMakeFiles/graft_PICTURE.elf.dir/Drivers/STM32F1xx_HAL_Driver/Src/stm32f1xx_hal_uart.c.obj
 .text.UART_Transmit_IT
                0x08007668       0x60 CMakeFiles/graft_PICTURE.elf.dir/Drivers/STM32F1xx_HAL_Driver/Src/stm32f1xx_hal_uart.c.obj
 .text.UART_SetConfig
                0x080076c8       0x94 CMakeFiles/graft_PICTURE.elf.dir/Drivers/STM32F1xx_HAL_Driver/Src/stm32f1xx_hal_uart.c.obj
 .text.UART_WaitOnFlagUntilTimeout
                0x0800775c       0x6c CMakeFiles/graft_PICTURE.elf.dir/Drivers/STM32F1xx_HAL_Driver/Src/stm32f1xx_hal_uart.c.obj
 .text.HAL_UART_Init
                0x080077c8       0x5e CMakeFiles/graft_PICTURE.elf.dir/Drivers/STM32F1xx_HAL_Driver/Src/stm32f1xx_hal_uart.c.obj
                0x080077c8                HAL_UART_Init
 .text.HAL_UART_Transmit
                0x08007826       0xd8 CMakeFiles/graft_PICTURE.elf.dir/Drivers/STM32F1xx_HAL_Driver/Src/stm32f1xx_hal_uart.c.obj
                0x08007826                HAL_UART_Transmit
 .text.HAL_UART_Receive
                0x080078fe       0xe4 CMakeFiles/graft_PICTURE.elf.dir/Drivers/STM32F1xx_HAL_Driver/Src/stm32f1xx_hal_uart.c.obj
                0x080078fe                HAL_UART_Receive
 .text.HAL_UART_TxCpltCallback
                0x080079e2        0x2 CMakeFiles/graft_PICTURE.elf.dir/Drivers/STM32F1xx_HAL_Driver/Src/stm32f1xx_hal_uart.c.obj
                0x080079e2                HAL_UART_TxCpltCallback
 .text.UART_EndTransmit_IT
                0x080079e4       0x1a CMakeFiles/graft_PICTURE.elf.dir/Drivers/STM32F1xx_HAL_Driver/Src/stm32f1xx_hal_uart.c.obj
 .text.HAL_UART_RxCpltCallback
                0x080079fe        0x2 CMakeFiles/graft_PICTURE.elf.dir/Drivers/STM32F1xx_HAL_Driver/Src/stm32f1xx_hal_uart.c.obj
                0x080079fe                HAL_UART_RxCpltCallback
 .text.HAL_UART_ErrorCallback
                0x08007a00        0x2 CMakeFiles/graft_PICTURE.elf.dir/Drivers/STM32F1xx_HAL_Driver/Src/stm32f1xx_hal_uart.c.obj
                0x08007a00                HAL_UART_ErrorCallback
 .text.UART_DMAAbortOnError
                0x08007a02       0x10 CMakeFiles/graft_PICTURE.elf.dir/Drivers/STM32F1xx_HAL_Driver/Src/stm32f1xx_hal_uart.c.obj
 .text.HAL_UARTEx_RxEventCallback
                0x08007a12        0x2 CMakeFiles/graft_PICTURE.elf.dir/Drivers/STM32F1xx_HAL_Driver/Src/stm32f1xx_hal_uart.c.obj
                0x08007a12                HAL_UARTEx_RxEventCallback
 .text.UART_Receive_IT
                0x08007a14       0xd4 CMakeFiles/graft_PICTURE.elf.dir/Drivers/STM32F1xx_HAL_Driver/Src/stm32f1xx_hal_uart.c.obj
 .text.HAL_UART_IRQHandler
                0x08007ae8      0x204 CMakeFiles/graft_PICTURE.elf.dir/Drivers/STM32F1xx_HAL_Driver/Src/stm32f1xx_hal_uart.c.obj
                0x08007ae8                HAL_UART_IRQHandler
 .text.FSMC_NORSRAM_Init
                0x08007cec       0x68 CMakeFiles/graft_PICTURE.elf.dir/Drivers/STM32F1xx_HAL_Driver/Src/stm32f1xx_ll_fsmc.c.obj
                0x08007cec                FSMC_NORSRAM_Init
 .text.FSMC_NORSRAM_Timing_Init
                0x08007d54       0x50 CMakeFiles/graft_PICTURE.elf.dir/Drivers/STM32F1xx_HAL_Driver/Src/stm32f1xx_ll_fsmc.c.obj
                0x08007d54                FSMC_NORSRAM_Timing_Init
 .text.FSMC_NORSRAM_Extended_Timing_Init
                0x08007da4       0x44 CMakeFiles/graft_PICTURE.elf.dir/Drivers/STM32F1xx_HAL_Driver/Src/stm32f1xx_ll_fsmc.c.obj
                0x08007da4                FSMC_NORSRAM_Extended_Timing_Init
 .text.SDMMC_GetCmdError
                0x08007de8       0x38 CMakeFiles/graft_PICTURE.elf.dir/Drivers/STM32F1xx_HAL_Driver/Src/stm32f1xx_ll_sdmmc.c.obj
 .text.SDMMC_GetCmdResp2
                0x08007e20       0x5c CMakeFiles/graft_PICTURE.elf.dir/Drivers/STM32F1xx_HAL_Driver/Src/stm32f1xx_ll_sdmmc.c.obj
 .text.SDMMC_GetCmdResp3
                0x08007e7c       0x4c CMakeFiles/graft_PICTURE.elf.dir/Drivers/STM32F1xx_HAL_Driver/Src/stm32f1xx_ll_sdmmc.c.obj
 .text.SDMMC_GetCmdResp7
                0x08007ec8       0x64 CMakeFiles/graft_PICTURE.elf.dir/Drivers/STM32F1xx_HAL_Driver/Src/stm32f1xx_ll_sdmmc.c.obj
 .text.SDIO_Init
                0x08007f2c       0x32 CMakeFiles/graft_PICTURE.elf.dir/Drivers/STM32F1xx_HAL_Driver/Src/stm32f1xx_ll_sdmmc.c.obj
                0x08007f2c                SDIO_Init
 .text.SDIO_ReadFIFO
                0x08007f5e        0x6 CMakeFiles/graft_PICTURE.elf.dir/Drivers/STM32F1xx_HAL_Driver/Src/stm32f1xx_ll_sdmmc.c.obj
                0x08007f5e                SDIO_ReadFIFO
 .text.SDIO_WriteFIFO
                0x08007f64        0xa CMakeFiles/graft_PICTURE.elf.dir/Drivers/STM32F1xx_HAL_Driver/Src/stm32f1xx_ll_sdmmc.c.obj
                0x08007f64                SDIO_WriteFIFO
 .text.SDIO_PowerState_ON
                0x08007f6e       0x10 CMakeFiles/graft_PICTURE.elf.dir/Drivers/STM32F1xx_HAL_Driver/Src/stm32f1xx_ll_sdmmc.c.obj
                0x08007f6e                SDIO_PowerState_ON
 .text.SDIO_GetPowerState
                0x08007f7e        0x8 CMakeFiles/graft_PICTURE.elf.dir/Drivers/STM32F1xx_HAL_Driver/Src/stm32f1xx_ll_sdmmc.c.obj
                0x08007f7e                SDIO_GetPowerState
 .text.SDIO_SendCommand
                0x08007f86       0x24 CMakeFiles/graft_PICTURE.elf.dir/Drivers/STM32F1xx_HAL_Driver/Src/stm32f1xx_ll_sdmmc.c.obj
                0x08007f86                SDIO_SendCommand
 .text.SDIO_GetCommandResponse
                0x08007faa        0x6 CMakeFiles/graft_PICTURE.elf.dir/Drivers/STM32F1xx_HAL_Driver/Src/stm32f1xx_ll_sdmmc.c.obj
                0x08007faa                SDIO_GetCommandResponse
 .text.SDIO_GetResponse
                0x08007fb0        0x6 CMakeFiles/graft_PICTURE.elf.dir/Drivers/STM32F1xx_HAL_Driver/Src/stm32f1xx_ll_sdmmc.c.obj
                0x08007fb0                SDIO_GetResponse
 *fill*         0x08007fb6        0x2 
 .text.SDMMC_GetCmdResp1
                0x08007fb8      0x154 CMakeFiles/graft_PICTURE.elf.dir/Drivers/STM32F1xx_HAL_Driver/Src/stm32f1xx_ll_sdmmc.c.obj
 .text.SDMMC_GetCmdResp6
                0x0800810c       0xa0 CMakeFiles/graft_PICTURE.elf.dir/Drivers/STM32F1xx_HAL_Driver/Src/stm32f1xx_ll_sdmmc.c.obj
 .text.SDIO_ConfigData
                0x080081ac       0x24 CMakeFiles/graft_PICTURE.elf.dir/Drivers/STM32F1xx_HAL_Driver/Src/stm32f1xx_ll_sdmmc.c.obj
                0x080081ac                SDIO_ConfigData
 .text.SDMMC_CmdBlockLength
                0x080081d0       0x30 CMakeFiles/graft_PICTURE.elf.dir/Drivers/STM32F1xx_HAL_Driver/Src/stm32f1xx_ll_sdmmc.c.obj
                0x080081d0                SDMMC_CmdBlockLength
 .text.SDMMC_CmdReadSingleBlock
                0x08008200       0x30 CMakeFiles/graft_PICTURE.elf.dir/Drivers/STM32F1xx_HAL_Driver/Src/stm32f1xx_ll_sdmmc.c.obj
                0x08008200                SDMMC_CmdReadSingleBlock
 .text.SDMMC_CmdReadMultiBlock
                0x08008230       0x30 CMakeFiles/graft_PICTURE.elf.dir/Drivers/STM32F1xx_HAL_Driver/Src/stm32f1xx_ll_sdmmc.c.obj
                0x08008230                SDMMC_CmdReadMultiBlock
 .text.SDMMC_CmdWriteSingleBlock
                0x08008260       0x30 CMakeFiles/graft_PICTURE.elf.dir/Drivers/STM32F1xx_HAL_Driver/Src/stm32f1xx_ll_sdmmc.c.obj
                0x08008260                SDMMC_CmdWriteSingleBlock
 .text.SDMMC_CmdWriteMultiBlock
                0x08008290       0x30 CMakeFiles/graft_PICTURE.elf.dir/Drivers/STM32F1xx_HAL_Driver/Src/stm32f1xx_ll_sdmmc.c.obj
                0x08008290                SDMMC_CmdWriteMultiBlock
 .text.SDMMC_CmdStopTransfer
                0x080082c0       0x34 CMakeFiles/graft_PICTURE.elf.dir/Drivers/STM32F1xx_HAL_Driver/Src/stm32f1xx_ll_sdmmc.c.obj
                0x080082c0                SDMMC_CmdStopTransfer
 .text.SDMMC_CmdSelDesel
                0x080082f4       0x30 CMakeFiles/graft_PICTURE.elf.dir/Drivers/STM32F1xx_HAL_Driver/Src/stm32f1xx_ll_sdmmc.c.obj
                0x080082f4                SDMMC_CmdSelDesel
 .text.SDMMC_CmdGoIdleState
                0x08008324       0x26 CMakeFiles/graft_PICTURE.elf.dir/Drivers/STM32F1xx_HAL_Driver/Src/stm32f1xx_ll_sdmmc.c.obj
                0x08008324                SDMMC_CmdGoIdleState
 .text.SDMMC_CmdOperCond
                0x0800834a       0x2e CMakeFiles/graft_PICTURE.elf.dir/Drivers/STM32F1xx_HAL_Driver/Src/stm32f1xx_ll_sdmmc.c.obj
                0x0800834a                SDMMC_CmdOperCond
 .text.SDMMC_CmdAppCommand
                0x08008378       0x30 CMakeFiles/graft_PICTURE.elf.dir/Drivers/STM32F1xx_HAL_Driver/Src/stm32f1xx_ll_sdmmc.c.obj
                0x08008378                SDMMC_CmdAppCommand
 .text.SDMMC_CmdAppOperCommand
                0x080083a8       0x32 CMakeFiles/graft_PICTURE.elf.dir/Drivers/STM32F1xx_HAL_Driver/Src/stm32f1xx_ll_sdmmc.c.obj
                0x080083a8                SDMMC_CmdAppOperCommand
 .text.SDMMC_CmdBusWidth
                0x080083da       0x30 CMakeFiles/graft_PICTURE.elf.dir/Drivers/STM32F1xx_HAL_Driver/Src/stm32f1xx_ll_sdmmc.c.obj
                0x080083da                SDMMC_CmdBusWidth
 .text.SDMMC_CmdSendSCR
                0x0800840a       0x30 CMakeFiles/graft_PICTURE.elf.dir/Drivers/STM32F1xx_HAL_Driver/Src/stm32f1xx_ll_sdmmc.c.obj
                0x0800840a                SDMMC_CmdSendSCR
 .text.SDMMC_CmdSendCID
                0x0800843a       0x2a CMakeFiles/graft_PICTURE.elf.dir/Drivers/STM32F1xx_HAL_Driver/Src/stm32f1xx_ll_sdmmc.c.obj
                0x0800843a                SDMMC_CmdSendCID
 .text.SDMMC_CmdSendCSD
                0x08008464       0x2a CMakeFiles/graft_PICTURE.elf.dir/Drivers/STM32F1xx_HAL_Driver/Src/stm32f1xx_ll_sdmmc.c.obj
                0x08008464                SDMMC_CmdSendCSD
 .text.SDMMC_CmdSetRelAdd
                0x0800848e       0x30 CMakeFiles/graft_PICTURE.elf.dir/Drivers/STM32F1xx_HAL_Driver/Src/stm32f1xx_ll_sdmmc.c.obj
                0x0800848e                SDMMC_CmdSetRelAdd
 .text.SDMMC_CmdSendStatus
                0x080084be       0x30 CMakeFiles/graft_PICTURE.elf.dir/Drivers/STM32F1xx_HAL_Driver/Src/stm32f1xx_ll_sdmmc.c.obj
                0x080084be                SDMMC_CmdSendStatus
 *fill*         0x080084ee        0x2 
 .text.MX_FATFS_Init
                0x080084f0       0x1c CMakeFiles/graft_PICTURE.elf.dir/FATFS/App/fatfs.c.obj
                0x080084f0                MX_FATFS_Init
 .text.get_fattime
                0x0800850c        0x4 CMakeFiles/graft_PICTURE.elf.dir/FATFS/App/fatfs.c.obj
                0x0800850c                get_fattime
 .text.BSP_SD_ReadBlocks
                0x08008510       0x20 CMakeFiles/graft_PICTURE.elf.dir/FATFS/Target/bsp_driver_sd.c.obj
                0x08008510                BSP_SD_ReadBlocks
 .text.BSP_SD_WriteBlocks
                0x08008530       0x20 CMakeFiles/graft_PICTURE.elf.dir/FATFS/Target/bsp_driver_sd.c.obj
                0x08008530                BSP_SD_WriteBlocks
 .text.BSP_SD_GetCardState
                0x08008550       0x14 CMakeFiles/graft_PICTURE.elf.dir/FATFS/Target/bsp_driver_sd.c.obj
                0x08008550                BSP_SD_GetCardState
 .text.BSP_SD_GetCardInfo
                0x08008564       0x10 CMakeFiles/graft_PICTURE.elf.dir/FATFS/Target/bsp_driver_sd.c.obj
                0x08008564                BSP_SD_GetCardInfo
 .text.BSP_SD_AbortCallback
                0x08008574        0x2 CMakeFiles/graft_PICTURE.elf.dir/FATFS/Target/bsp_driver_sd.c.obj
                0x08008574                BSP_SD_AbortCallback
 .text.HAL_SD_AbortCallback
                0x08008576        0x8 CMakeFiles/graft_PICTURE.elf.dir/FATFS/Target/bsp_driver_sd.c.obj
                0x08008576                HAL_SD_AbortCallback
 .text.BSP_SD_WriteCpltCallback
                0x0800857e        0x2 CMakeFiles/graft_PICTURE.elf.dir/FATFS/Target/bsp_driver_sd.c.obj
                0x0800857e                BSP_SD_WriteCpltCallback
 .text.HAL_SD_TxCpltCallback
                0x08008580        0x8 CMakeFiles/graft_PICTURE.elf.dir/FATFS/Target/bsp_driver_sd.c.obj
                0x08008580                HAL_SD_TxCpltCallback
 .text.BSP_SD_ReadCpltCallback
                0x08008588        0x2 CMakeFiles/graft_PICTURE.elf.dir/FATFS/Target/bsp_driver_sd.c.obj
                0x08008588                BSP_SD_ReadCpltCallback
 .text.HAL_SD_RxCpltCallback
                0x0800858a        0x8 CMakeFiles/graft_PICTURE.elf.dir/FATFS/Target/bsp_driver_sd.c.obj
                0x0800858a                HAL_SD_RxCpltCallback
 .text.BSP_SD_IsDetected
                0x08008592       0x10 CMakeFiles/graft_PICTURE.elf.dir/FATFS/Target/bsp_driver_sd.c.obj
                0x08008592                BSP_SD_IsDetected
 *fill*         0x080085a2        0x2 
 .text.BSP_SD_Init
                0x080085a4       0x34 CMakeFiles/graft_PICTURE.elf.dir/FATFS/Target/bsp_driver_sd.c.obj
                0x080085a4                BSP_SD_Init
 .text.disk_status
                0x080085d8       0x18 CMakeFiles/graft_PICTURE.elf.dir/Middlewares/Third_Party/FatFs/src/diskio.c.obj
                0x080085d8                disk_status
 .text.disk_initialize
                0x080085f0       0x28 CMakeFiles/graft_PICTURE.elf.dir/Middlewares/Third_Party/FatFs/src/diskio.c.obj
                0x080085f0                disk_initialize
 .text.disk_read
                0x08008618       0x18 CMakeFiles/graft_PICTURE.elf.dir/Middlewares/Third_Party/FatFs/src/diskio.c.obj
                0x08008618                disk_read
 .text.disk_write
                0x08008630       0x18 CMakeFiles/graft_PICTURE.elf.dir/Middlewares/Third_Party/FatFs/src/diskio.c.obj
                0x08008630                disk_write
 .text.disk_ioctl
                0x08008648       0x18 CMakeFiles/graft_PICTURE.elf.dir/Middlewares/Third_Party/FatFs/src/diskio.c.obj
                0x08008648                disk_ioctl
 .text.SD_initialize
                0x08008660       0x24 CMakeFiles/graft_PICTURE.elf.dir/Middlewares/Third_Party/FatFs/src/drivers/sd_diskio.c.obj
                0x08008660                SD_initialize
 .text.SD_status
                0x08008684       0x24 CMakeFiles/graft_PICTURE.elf.dir/Middlewares/Third_Party/FatFs/src/drivers/sd_diskio.c.obj
                0x08008684                SD_status
 .text.SD_read  0x080086a8       0x38 CMakeFiles/graft_PICTURE.elf.dir/Middlewares/Third_Party/FatFs/src/drivers/sd_diskio.c.obj
                0x080086a8                SD_read
 .text.SD_write
                0x080086e0       0x38 CMakeFiles/graft_PICTURE.elf.dir/Middlewares/Third_Party/FatFs/src/drivers/sd_diskio.c.obj
                0x080086e0                SD_write
 .text.SD_ioctl
                0x08008718       0x54 CMakeFiles/graft_PICTURE.elf.dir/Middlewares/Third_Party/FatFs/src/drivers/sd_diskio.c.obj
                0x08008718                SD_ioctl
 .text.mem_cpy  0x0800876c       0x14 CMakeFiles/graft_PICTURE.elf.dir/Middlewares/Third_Party/FatFs/src/ff.c.obj
 .text.mem_set  0x08008780       0x10 CMakeFiles/graft_PICTURE.elf.dir/Middlewares/Third_Party/FatFs/src/ff.c.obj
 .text.mem_cmp  0x08008790       0x1e CMakeFiles/graft_PICTURE.elf.dir/Middlewares/Third_Party/FatFs/src/ff.c.obj
 .text.chk_chr  0x080087ae       0x10 CMakeFiles/graft_PICTURE.elf.dir/Middlewares/Third_Party/FatFs/src/ff.c.obj
 *fill*         0x080087be        0x2 
 .text.chk_lock
                0x080087c0       0x90 CMakeFiles/graft_PICTURE.elf.dir/Middlewares/Third_Party/FatFs/src/ff.c.obj
 .text.enq_lock
                0x08008850       0x24 CMakeFiles/graft_PICTURE.elf.dir/Middlewares/Third_Party/FatFs/src/ff.c.obj
 .text.inc_lock
                0x08008874       0xd8 CMakeFiles/graft_PICTURE.elf.dir/Middlewares/Third_Party/FatFs/src/ff.c.obj
 .text.dec_lock
                0x0800894c       0x48 CMakeFiles/graft_PICTURE.elf.dir/Middlewares/Third_Party/FatFs/src/ff.c.obj
 .text.clear_lock
                0x08008994       0x44 CMakeFiles/graft_PICTURE.elf.dir/Middlewares/Third_Party/FatFs/src/ff.c.obj
 .text.clmt_clust
                0x080089d8       0x2e CMakeFiles/graft_PICTURE.elf.dir/Middlewares/Third_Party/FatFs/src/ff.c.obj
 .text.ld_clust
                0x08008a06       0x24 CMakeFiles/graft_PICTURE.elf.dir/Middlewares/Third_Party/FatFs/src/ff.c.obj
 .text.st_clust
                0x08008a2a       0x14 CMakeFiles/graft_PICTURE.elf.dir/Middlewares/Third_Party/FatFs/src/ff.c.obj
 *fill*         0x08008a3e        0x2 
 .text.fit_lfn  0x08008a40       0x78 CMakeFiles/graft_PICTURE.elf.dir/Middlewares/Third_Party/FatFs/src/ff.c.obj
 .text.gen_numname
                0x08008ab8       0xbc CMakeFiles/graft_PICTURE.elf.dir/Middlewares/Third_Party/FatFs/src/ff.c.obj
 .text.sum_sfn  0x08008b74       0x1c CMakeFiles/graft_PICTURE.elf.dir/Middlewares/Third_Party/FatFs/src/ff.c.obj
 .text.get_ldnumber
                0x08008b90       0x52 CMakeFiles/graft_PICTURE.elf.dir/Middlewares/Third_Party/FatFs/src/ff.c.obj
 .text.sync_window
                0x08008be2       0x5e CMakeFiles/graft_PICTURE.elf.dir/Middlewares/Third_Party/FatFs/src/ff.c.obj
 .text.move_window
                0x08008c40       0x40 CMakeFiles/graft_PICTURE.elf.dir/Middlewares/Third_Party/FatFs/src/ff.c.obj
 .text.check_fs
                0x08008c80       0x90 CMakeFiles/graft_PICTURE.elf.dir/Middlewares/Third_Party/FatFs/src/ff.c.obj
 .text.validate
                0x08008d10       0x3e CMakeFiles/graft_PICTURE.elf.dir/Middlewares/Third_Party/FatFs/src/ff.c.obj
 *fill*         0x08008d4e        0x2 
 .text.find_volume
                0x08008d50      0x40c CMakeFiles/graft_PICTURE.elf.dir/Middlewares/Third_Party/FatFs/src/ff.c.obj
 .text.sync_fs  0x0800915c       0xbe CMakeFiles/graft_PICTURE.elf.dir/Middlewares/Third_Party/FatFs/src/ff.c.obj
 *fill*         0x0800921a        0x2 
 .text.create_name
                0x0800921c      0x284 CMakeFiles/graft_PICTURE.elf.dir/Middlewares/Third_Party/FatFs/src/ff.c.obj
 .text.cmp_lfn  0x080094a0       0x88 CMakeFiles/graft_PICTURE.elf.dir/Middlewares/Third_Party/FatFs/src/ff.c.obj
 .text.clust2sect
                0x08009528       0x20 CMakeFiles/graft_PICTURE.elf.dir/Middlewares/Third_Party/FatFs/src/ff.c.obj
                0x08009528                clust2sect
 .text.get_fat  0x08009548      0x122 CMakeFiles/graft_PICTURE.elf.dir/Middlewares/Third_Party/FatFs/src/ff.c.obj
                0x08009548                get_fat
 .text.put_fat  0x0800966a      0x15c CMakeFiles/graft_PICTURE.elf.dir/Middlewares/Third_Party/FatFs/src/ff.c.obj
                0x0800966a                put_fat
 .text.create_chain
                0x080097c6       0xd0 CMakeFiles/graft_PICTURE.elf.dir/Middlewares/Third_Party/FatFs/src/ff.c.obj
 .text.dir_next
                0x08009896      0x182 CMakeFiles/graft_PICTURE.elf.dir/Middlewares/Third_Party/FatFs/src/ff.c.obj
 .text.remove_chain
                0x08009a18       0x78 CMakeFiles/graft_PICTURE.elf.dir/Middlewares/Third_Party/FatFs/src/ff.c.obj
 .text.dir_sdi  0x08009a90       0xe2 CMakeFiles/graft_PICTURE.elf.dir/Middlewares/Third_Party/FatFs/src/ff.c.obj
                0x08009a90                dir_sdi
 .text.dir_find
                0x08009b72       0xee CMakeFiles/graft_PICTURE.elf.dir/Middlewares/Third_Party/FatFs/src/ff.c.obj
 .text.follow_path
                0x08009c60       0x90 CMakeFiles/graft_PICTURE.elf.dir/Middlewares/Third_Party/FatFs/src/ff.c.obj
 .text.dir_alloc
                0x08009cf0       0x56 CMakeFiles/graft_PICTURE.elf.dir/Middlewares/Third_Party/FatFs/src/ff.c.obj
 *fill*         0x08009d46        0x2 
 .text.dir_register
                0x08009d48      0x154 CMakeFiles/graft_PICTURE.elf.dir/Middlewares/Third_Party/FatFs/src/ff.c.obj
 .text.f_mount  0x08009e9c       0x64 CMakeFiles/graft_PICTURE.elf.dir/Middlewares/Third_Party/FatFs/src/ff.c.obj
                0x08009e9c                f_mount
 .text.f_open   0x08009f00      0x214 CMakeFiles/graft_PICTURE.elf.dir/Middlewares/Third_Party/FatFs/src/ff.c.obj
                0x08009f00                f_open
 .text.f_read   0x0800a114      0x260 CMakeFiles/graft_PICTURE.elf.dir/Middlewares/Third_Party/FatFs/src/ff.c.obj
                0x0800a114                f_read
 .text.f_sync   0x0800a374       0xb4 CMakeFiles/graft_PICTURE.elf.dir/Middlewares/Third_Party/FatFs/src/ff.c.obj
                0x0800a374                f_sync
 .text.f_close  0x0800a428       0x2c CMakeFiles/graft_PICTURE.elf.dir/Middlewares/Third_Party/FatFs/src/ff.c.obj
                0x0800a428                f_close
 .text.FATFS_LinkDriverEx
                0x0800a454       0x54 CMakeFiles/graft_PICTURE.elf.dir/Middlewares/Third_Party/FatFs/src/ff_gen_drv.c.obj
                0x0800a454                FATFS_LinkDriverEx
 .text.FATFS_LinkDriver
                0x0800a4a8        0xa CMakeFiles/graft_PICTURE.elf.dir/Middlewares/Third_Party/FatFs/src/ff_gen_drv.c.obj
                0x0800a4a8                FATFS_LinkDriver
 *fill*         0x0800a4b2        0x2 
 .text.ff_convert
                0x0800a4b4       0x54 CMakeFiles/graft_PICTURE.elf.dir/Middlewares/Third_Party/FatFs/src/option/cc936.c.obj
                0x0800a4b4                ff_convert
 .text.ff_wtoupper
                0x0800a508       0x24 CMakeFiles/graft_PICTURE.elf.dir/Middlewares/Third_Party/FatFs/src/option/cc936.c.obj
                0x0800a508                ff_wtoupper
 .text.exfuns_init
                0x0800a52c       0x80 CMakeFiles/graft_PICTURE.elf.dir/PICTURE/exfuns.c.obj
                0x0800a52c                exfuns_init
 .text.printf_fatfs_error
                0x0800a5ac      0x104 CMakeFiles/graft_PICTURE.elf.dir/TEXT/fontupd.c.obj
                0x0800a5ac                printf_fatfs_error
 .text.fupd_prog
                0x0800a6b0       0x80 CMakeFiles/graft_PICTURE.elf.dir/TEXT/fontupd.c.obj
                0x0800a6b0                fupd_prog
 .text.updata_fontx
                0x0800a730      0x128 CMakeFiles/graft_PICTURE.elf.dir/TEXT/fontupd.c.obj
                0x0800a730                updata_fontx
 .text.update_font
                0x0800a858      0x490 CMakeFiles/graft_PICTURE.elf.dir/TEXT/fontupd.c.obj
                0x0800a858                update_font
 .text.font_init
                0x0800ace8       0x40 CMakeFiles/graft_PICTURE.elf.dir/TEXT/fontupd.c.obj
                0x0800ace8                font_init
 .text.Get_HzMat
                0x0800ad28       0xac CMakeFiles/graft_PICTURE.elf.dir/TEXT/text.c.obj
                0x0800ad28                Get_HzMat
 .text.Show_Font
                0x0800add4       0xb4 CMakeFiles/graft_PICTURE.elf.dir/TEXT/text.c.obj
                0x0800add4                Show_Font
 .text.Show_Str
                0x0800ae88       0xc2 CMakeFiles/graft_PICTURE.elf.dir/TEXT/text.c.obj
                0x0800ae88                Show_Str
 *fill*         0x0800af4a        0x2 
 .text.Reset_Handler
                0x0800af4c       0x48 CMakeFiles/graft_PICTURE.elf.dir/startup/startup_stm32f103xe.s.obj
                0x0800af4c                Reset_Handler
 .text.Default_Handler
                0x0800af94        0x2 CMakeFiles/graft_PICTURE.elf.dir/startup/startup_stm32f103xe.s.obj
                0x0800af94                RTC_Alarm_IRQHandler
                0x0800af94                EXTI2_IRQHandler
                0x0800af94                TIM8_TRG_COM_IRQHandler
                0x0800af94                TIM8_CC_IRQHandler
                0x0800af94                TIM1_CC_IRQHandler
                0x0800af94                TIM6_IRQHandler
                0x0800af94                PVD_IRQHandler
                0x0800af94                EXTI3_IRQHandler
                0x0800af94                EXTI0_IRQHandler
                0x0800af94                I2C2_EV_IRQHandler
                0x0800af94                ADC1_2_IRQHandler
                0x0800af94                SPI1_IRQHandler
                0x0800af94                TAMPER_IRQHandler
                0x0800af94                TIM8_UP_IRQHandler
                0x0800af94                DMA2_Channel2_IRQHandler
                0x0800af94                DMA1_Channel4_IRQHandler
                0x0800af94                USART3_IRQHandler
                0x0800af94                RTC_IRQHandler
                0x0800af94                CAN1_RX1_IRQHandler
                0x0800af94                UART5_IRQHandler
                0x0800af94                ADC3_IRQHandler
                0x0800af94                TIM4_IRQHandler
                0x0800af94                DMA2_Channel1_IRQHandler
                0x0800af94                I2C1_EV_IRQHandler
                0x0800af94                UART4_IRQHandler
                0x0800af94                TIM3_IRQHandler
                0x0800af94                RCC_IRQHandler
                0x0800af94                TIM1_TRG_COM_IRQHandler
                0x0800af94                DMA1_Channel1_IRQHandler
                0x0800af94                Default_Handler
                0x0800af94                EXTI15_10_IRQHandler
                0x0800af94                TIM7_IRQHandler
                0x0800af94                TIM5_IRQHandler
                0x0800af94                EXTI9_5_IRQHandler
                0x0800af94                SPI2_IRQHandler
                0x0800af94                DMA1_Channel5_IRQHandler
                0x0800af94                EXTI4_IRQHandler
                0x0800af94                USB_LP_CAN1_RX0_IRQHandler
                0x0800af94                USB_HP_CAN1_TX_IRQHandler
                0x0800af94                DMA1_Channel3_IRQHandler
                0x0800af94                FSMC_IRQHandler
                0x0800af94                TIM1_UP_IRQHandler
                0x0800af94                WWDG_IRQHandler
                0x0800af94                TIM2_IRQHandler
                0x0800af94                TIM1_BRK_IRQHandler
                0x0800af94                EXTI1_IRQHandler
                0x0800af94                DMA2_Channel4_5_IRQHandler
                0x0800af94                I2C2_ER_IRQHandler
                0x0800af94                DMA1_Channel2_IRQHandler
                0x0800af94                TIM8_BRK_IRQHandler
                0x0800af94                CAN1_SCE_IRQHandler
                0x0800af94                FLASH_IRQHandler
                0x0800af94                USART1_IRQHandler
                0x0800af94                SPI3_IRQHandler
                0x0800af94                I2C1_ER_IRQHandler
                0x0800af94                USBWakeUp_IRQHandler
                0x0800af94                DMA2_Channel3_IRQHandler
 *fill*         0x0800af96        0x2 
 .text.__errno  0x0800af98        0xc d:/tool/gcc-arm-none-eabi-10.3-2021.10/bin/../lib/gcc/arm-none-eabi/10.3.1/../../../../arm-none-eabi/lib/thumb/v7-m/nofp\libg.a(lib_a-errno.o)
                0x0800af98                __errno
 .text.__libc_init_array
                0x0800afa4       0x48 d:/tool/gcc-arm-none-eabi-10.3-2021.10/bin/../lib/gcc/arm-none-eabi/10.3.1/../../../../arm-none-eabi/lib/thumb/v7-m/nofp\libg.a(lib_a-init.o)
                0x0800afa4                __libc_init_array
 .text.memset   0x0800afec       0xa4 d:/tool/gcc-arm-none-eabi-10.3-2021.10/bin/../lib/gcc/arm-none-eabi/10.3.1/../../../../arm-none-eabi/lib/thumb/v7-m/nofp\libg.a(lib_a-memset.o)
                0x0800afec                memset
 .text.printf   0x0800b090       0x28 d:/tool/gcc-arm-none-eabi-10.3-2021.10/bin/../lib/gcc/arm-none-eabi/10.3.1/../../../../arm-none-eabi/lib/thumb/v7-m/nofp\libg.a(lib_a-printf.o)
                0x0800b090                printf
 .text._puts_r  0x0800b0b8       0x9c d:/tool/gcc-arm-none-eabi-10.3-2021.10/bin/../lib/gcc/arm-none-eabi/10.3.1/../../../../arm-none-eabi/lib/thumb/v7-m/nofp\libg.a(lib_a-puts.o)
                0x0800b0b8                _puts_r
 .text.puts     0x0800b154       0x10 d:/tool/gcc-arm-none-eabi-10.3-2021.10/bin/../lib/gcc/arm-none-eabi/10.3.1/../../../../arm-none-eabi/lib/thumb/v7-m/nofp\libg.a(lib_a-puts.o)
                0x0800b154                puts
 .text.setvbuf  0x0800b164      0x1b0 d:/tool/gcc-arm-none-eabi-10.3-2021.10/bin/../lib/gcc/arm-none-eabi/10.3.1/../../../../arm-none-eabi/lib/thumb/v7-m/nofp\libg.a(lib_a-setvbuf.o)
                0x0800b164                setvbuf
 .text.sprintf  0x0800b314       0x44 d:/tool/gcc-arm-none-eabi-10.3-2021.10/bin/../lib/gcc/arm-none-eabi/10.3.1/../../../../arm-none-eabi/lib/thumb/v7-m/nofp\libg.a(lib_a-sprintf.o)
                0x0800b314                sprintf
 .text.strcpy   0x0800b358       0xbc d:/tool/gcc-arm-none-eabi-10.3-2021.10/bin/../lib/gcc/arm-none-eabi/10.3.1/../../../../arm-none-eabi/lib/thumb/v7-m/nofp\libg.a(lib_a-strcpy.o)
                0x0800b358                strcpy
 .text.strlen   0x0800b414       0x5c d:/tool/gcc-arm-none-eabi-10.3-2021.10/bin/../lib/gcc/arm-none-eabi/10.3.1/../../../../arm-none-eabi/lib/thumb/v7-m/nofp\libg.a(lib_a-strlen-stub.o)
                0x0800b414                strlen
 .text._svfprintf_r
                0x0800b470     0x1aa4 d:/tool/gcc-arm-none-eabi-10.3-2021.10/bin/../lib/gcc/arm-none-eabi/10.3.1/../../../../arm-none-eabi/lib/thumb/v7-m/nofp\libg.a(lib_a-svfprintf.o)
                0x0800b470                _svfprintf_r
 .text._vfprintf_r
                0x0800cf14     0x1b58 d:/tool/gcc-arm-none-eabi-10.3-2021.10/bin/../lib/gcc/arm-none-eabi/10.3.1/../../../../arm-none-eabi/lib/thumb/v7-m/nofp\libg.a(lib_a-vfprintf.o)
                0x0800cf14                _vfprintf_r
 .text.__sbprintf
                0x0800ea6c       0x84 d:/tool/gcc-arm-none-eabi-10.3-2021.10/bin/../lib/gcc/arm-none-eabi/10.3.1/../../../../arm-none-eabi/lib/thumb/v7-m/nofp\libg.a(lib_a-vfprintf.o)
 .text.__swsetup_r
                0x0800eaf0       0xd4 d:/tool/gcc-arm-none-eabi-10.3-2021.10/bin/../lib/gcc/arm-none-eabi/10.3.1/../../../../arm-none-eabi/lib/thumb/v7-m/nofp\libg.a(lib_a-wsetup.o)
                0x0800eaf0                __swsetup_r
 .text.startup.register_fini
                0x0800ebc4       0x14 d:/tool/gcc-arm-none-eabi-10.3-2021.10/bin/../lib/gcc/arm-none-eabi/10.3.1/../../../../arm-none-eabi/lib/thumb/v7-m/nofp\libg.a(lib_a-__call_atexit.o)
 .text.atexit   0x0800ebd8        0xc d:/tool/gcc-arm-none-eabi-10.3-2021.10/bin/../lib/gcc/arm-none-eabi/10.3.1/../../../../arm-none-eabi/lib/thumb/v7-m/nofp\libg.a(lib_a-atexit.o)
                0x0800ebd8                atexit
 .text.quorem   0x0800ebe4      0x12c d:/tool/gcc-arm-none-eabi-10.3-2021.10/bin/../lib/gcc/arm-none-eabi/10.3.1/../../../../arm-none-eabi/lib/thumb/v7-m/nofp\libg.a(lib_a-dtoa.o)
 .text._dtoa_r  0x0800ed10      0xecc d:/tool/gcc-arm-none-eabi-10.3-2021.10/bin/../lib/gcc/arm-none-eabi/10.3.1/../../../../arm-none-eabi/lib/thumb/v7-m/nofp\libg.a(lib_a-dtoa.o)
                0x0800ed10                _dtoa_r
 .text.__sflush_r
                0x0800fbdc      0x124 d:/tool/gcc-arm-none-eabi-10.3-2021.10/bin/../lib/gcc/arm-none-eabi/10.3.1/../../../../arm-none-eabi/lib/thumb/v7-m/nofp\libg.a(lib_a-fflush.o)
                0x0800fbdc                __sflush_r
 .text._fflush_r
                0x0800fd00       0x5c d:/tool/gcc-arm-none-eabi-10.3-2021.10/bin/../lib/gcc/arm-none-eabi/10.3.1/../../../../arm-none-eabi/lib/thumb/v7-m/nofp\libg.a(lib_a-fflush.o)
                0x0800fd00                _fflush_r
 .text._cleanup_r
                0x0800fd5c        0xc d:/tool/gcc-arm-none-eabi-10.3-2021.10/bin/../lib/gcc/arm-none-eabi/10.3.1/../../../../arm-none-eabi/lib/thumb/v7-m/nofp\libg.a(lib_a-findfp.o)
                0x0800fd5c                _cleanup_r
 .text.__sinit  0x0800fd68      0x10c d:/tool/gcc-arm-none-eabi-10.3-2021.10/bin/../lib/gcc/arm-none-eabi/10.3.1/../../../../arm-none-eabi/lib/thumb/v7-m/nofp\libg.a(lib_a-findfp.o)
                0x0800fd68                __sinit
 .text.__sfp_lock_acquire
                0x0800fe74        0xc d:/tool/gcc-arm-none-eabi-10.3-2021.10/bin/../lib/gcc/arm-none-eabi/10.3.1/../../../../arm-none-eabi/lib/thumb/v7-m/nofp\libg.a(lib_a-findfp.o)
                0x0800fe74                __sfp_lock_acquire
 .text.__sfp_lock_release
                0x0800fe80        0xc d:/tool/gcc-arm-none-eabi-10.3-2021.10/bin/../lib/gcc/arm-none-eabi/10.3.1/../../../../arm-none-eabi/lib/thumb/v7-m/nofp\libg.a(lib_a-findfp.o)
                0x0800fe80                __sfp_lock_release
 .text.__libc_fini_array
                0x0800fe8c       0x2c d:/tool/gcc-arm-none-eabi-10.3-2021.10/bin/../lib/gcc/arm-none-eabi/10.3.1/../../../../arm-none-eabi/lib/thumb/v7-m/nofp\libg.a(lib_a-fini.o)
                0x0800fe8c                __libc_fini_array
 .text._malloc_trim_r
                0x0800feb8       0xa0 d:/tool/gcc-arm-none-eabi-10.3-2021.10/bin/../lib/gcc/arm-none-eabi/10.3.1/../../../../arm-none-eabi/lib/thumb/v7-m/nofp\libg.a(lib_a-freer.o)
                0x0800feb8                _malloc_trim_r
 .text._free_r  0x0800ff58      0x200 d:/tool/gcc-arm-none-eabi-10.3-2021.10/bin/../lib/gcc/arm-none-eabi/10.3.1/../../../../arm-none-eabi/lib/thumb/v7-m/nofp\libg.a(lib_a-freer.o)
                0x0800ff58                _free_r
 .text.__sfvwrite_r
                0x08010158      0x2f0 d:/tool/gcc-arm-none-eabi-10.3-2021.10/bin/../lib/gcc/arm-none-eabi/10.3.1/../../../../arm-none-eabi/lib/thumb/v7-m/nofp\libg.a(lib_a-fvwrite.o)
                0x08010158                __sfvwrite_r
 .text._fwalk_reent
                0x08010448       0x48 d:/tool/gcc-arm-none-eabi-10.3-2021.10/bin/../lib/gcc/arm-none-eabi/10.3.1/../../../../arm-none-eabi/lib/thumb/v7-m/nofp\libg.a(lib_a-fwalk.o)
                0x08010448                _fwalk_reent
 .text._localeconv_r
                0x08010490        0x8 d:/tool/gcc-arm-none-eabi-10.3-2021.10/bin/../lib/gcc/arm-none-eabi/10.3.1/../../../../arm-none-eabi/lib/thumb/v7-m/nofp\libg.a(lib_a-localeconv.o)
                0x08010490                _localeconv_r
 .text.__retarget_lock_init_recursive
                0x08010498        0x4 d:/tool/gcc-arm-none-eabi-10.3-2021.10/bin/../lib/gcc/arm-none-eabi/10.3.1/../../../../arm-none-eabi/lib/thumb/v7-m/nofp\libg.a(lib_a-lock.o)
                0x08010498                __retarget_lock_init_recursive
 .text.__retarget_lock_close_recursive
                0x0801049c        0x4 d:/tool/gcc-arm-none-eabi-10.3-2021.10/bin/../lib/gcc/arm-none-eabi/10.3.1/../../../../arm-none-eabi/lib/thumb/v7-m/nofp\libg.a(lib_a-lock.o)
                0x0801049c                __retarget_lock_close_recursive
 .text.__retarget_lock_acquire_recursive
                0x080104a0        0x4 d:/tool/gcc-arm-none-eabi-10.3-2021.10/bin/../lib/gcc/arm-none-eabi/10.3.1/../../../../arm-none-eabi/lib/thumb/v7-m/nofp\libg.a(lib_a-lock.o)
                0x080104a0                __retarget_lock_acquire_recursive
 .text.__retarget_lock_release_recursive
                0x080104a4        0x4 d:/tool/gcc-arm-none-eabi-10.3-2021.10/bin/../lib/gcc/arm-none-eabi/10.3.1/../../../../arm-none-eabi/lib/thumb/v7-m/nofp\libg.a(lib_a-lock.o)
                0x080104a4                __retarget_lock_release_recursive
 .text.__smakebuf_r
                0x080104a8       0xe0 d:/tool/gcc-arm-none-eabi-10.3-2021.10/bin/../lib/gcc/arm-none-eabi/10.3.1/../../../../arm-none-eabi/lib/thumb/v7-m/nofp\libg.a(lib_a-makebuf.o)
                0x080104a8                __smakebuf_r
 .text.__swhatbuf_r
                0x08010588       0x60 d:/tool/gcc-arm-none-eabi-10.3-2021.10/bin/../lib/gcc/arm-none-eabi/10.3.1/../../../../arm-none-eabi/lib/thumb/v7-m/nofp\libg.a(lib_a-makebuf.o)
                0x08010588                __swhatbuf_r
 .text.malloc   0x080105e8       0x10 d:/tool/gcc-arm-none-eabi-10.3-2021.10/bin/../lib/gcc/arm-none-eabi/10.3.1/../../../../arm-none-eabi/lib/thumb/v7-m/nofp\libg.a(lib_a-malloc.o)
                0x080105e8                malloc
 .text._malloc_r
                0x080105f8      0x558 d:/tool/gcc-arm-none-eabi-10.3-2021.10/bin/../lib/gcc/arm-none-eabi/10.3.1/../../../../arm-none-eabi/lib/thumb/v7-m/nofp\libg.a(lib_a-mallocr.o)
                0x080105f8                _malloc_r
 .text.memchr   0x08010b50       0x90 d:/tool/gcc-arm-none-eabi-10.3-2021.10/bin/../lib/gcc/arm-none-eabi/10.3.1/../../../../arm-none-eabi/lib/thumb/v7-m/nofp\libg.a(lib_a-memchr-stub.o)
                0x08010b50                memchr
 .text.memmove  0x08010be0       0xf8 d:/tool/gcc-arm-none-eabi-10.3-2021.10/bin/../lib/gcc/arm-none-eabi/10.3.1/../../../../arm-none-eabi/lib/thumb/v7-m/nofp\libg.a(lib_a-memmove.o)
                0x08010be0                memmove
 .text.__malloc_lock
                0x08010cd8        0xc d:/tool/gcc-arm-none-eabi-10.3-2021.10/bin/../lib/gcc/arm-none-eabi/10.3.1/../../../../arm-none-eabi/lib/thumb/v7-m/nofp\libg.a(lib_a-mlock.o)
                0x08010cd8                __malloc_lock
 .text.__malloc_unlock
                0x08010ce4        0xc d:/tool/gcc-arm-none-eabi-10.3-2021.10/bin/../lib/gcc/arm-none-eabi/10.3.1/../../../../arm-none-eabi/lib/thumb/v7-m/nofp\libg.a(lib_a-mlock.o)
                0x08010ce4                __malloc_unlock
 .text._Balloc  0x08010cf0       0x4c d:/tool/gcc-arm-none-eabi-10.3-2021.10/bin/../lib/gcc/arm-none-eabi/10.3.1/../../../../arm-none-eabi/lib/thumb/v7-m/nofp\libg.a(lib_a-mprec.o)
                0x08010cf0                _Balloc
 .text._Bfree   0x08010d3c       0x14 d:/tool/gcc-arm-none-eabi-10.3-2021.10/bin/../lib/gcc/arm-none-eabi/10.3.1/../../../../arm-none-eabi/lib/thumb/v7-m/nofp\libg.a(lib_a-mprec.o)
                0x08010d3c                _Bfree
 .text.__multadd
                0x08010d50       0xa4 d:/tool/gcc-arm-none-eabi-10.3-2021.10/bin/../lib/gcc/arm-none-eabi/10.3.1/../../../../arm-none-eabi/lib/thumb/v7-m/nofp\libg.a(lib_a-mprec.o)
                0x08010d50                __multadd
 .text.__hi0bits
                0x08010df4       0x40 d:/tool/gcc-arm-none-eabi-10.3-2021.10/bin/../lib/gcc/arm-none-eabi/10.3.1/../../../../arm-none-eabi/lib/thumb/v7-m/nofp\libg.a(lib_a-mprec.o)
                0x08010df4                __hi0bits
 .text.__lo0bits
                0x08010e34       0x58 d:/tool/gcc-arm-none-eabi-10.3-2021.10/bin/../lib/gcc/arm-none-eabi/10.3.1/../../../../arm-none-eabi/lib/thumb/v7-m/nofp\libg.a(lib_a-mprec.o)
                0x08010e34                __lo0bits
 .text.__i2b    0x08010e8c       0x5c d:/tool/gcc-arm-none-eabi-10.3-2021.10/bin/../lib/gcc/arm-none-eabi/10.3.1/../../../../arm-none-eabi/lib/thumb/v7-m/nofp\libg.a(lib_a-mprec.o)
                0x08010e8c                __i2b
 .text.__multiply
                0x08010ee8      0x15c d:/tool/gcc-arm-none-eabi-10.3-2021.10/bin/../lib/gcc/arm-none-eabi/10.3.1/../../../../arm-none-eabi/lib/thumb/v7-m/nofp\libg.a(lib_a-mprec.o)
                0x08010ee8                __multiply
 .text.__pow5mult
                0x08011044       0xb8 d:/tool/gcc-arm-none-eabi-10.3-2021.10/bin/../lib/gcc/arm-none-eabi/10.3.1/../../../../arm-none-eabi/lib/thumb/v7-m/nofp\libg.a(lib_a-mprec.o)
                0x08011044                __pow5mult
 .text.__lshift
                0x080110fc       0xec d:/tool/gcc-arm-none-eabi-10.3-2021.10/bin/../lib/gcc/arm-none-eabi/10.3.1/../../../../arm-none-eabi/lib/thumb/v7-m/nofp\libg.a(lib_a-mprec.o)
                0x080110fc                __lshift
 .text.__mcmp   0x080111e8       0x40 d:/tool/gcc-arm-none-eabi-10.3-2021.10/bin/../lib/gcc/arm-none-eabi/10.3.1/../../../../arm-none-eabi/lib/thumb/v7-m/nofp\libg.a(lib_a-mprec.o)
                0x080111e8                __mcmp
 .text.__mdiff  0x08011228      0x14c d:/tool/gcc-arm-none-eabi-10.3-2021.10/bin/../lib/gcc/arm-none-eabi/10.3.1/../../../../arm-none-eabi/lib/thumb/v7-m/nofp\libg.a(lib_a-mprec.o)
                0x08011228                __mdiff
 .text.__d2b    0x08011374       0xc4 d:/tool/gcc-arm-none-eabi-10.3-2021.10/bin/../lib/gcc/arm-none-eabi/10.3.1/../../../../arm-none-eabi/lib/thumb/v7-m/nofp\libg.a(lib_a-mprec.o)
                0x08011374                __d2b
 .text._realloc_r
                0x08011438      0x3dc d:/tool/gcc-arm-none-eabi-10.3-2021.10/bin/../lib/gcc/arm-none-eabi/10.3.1/../../../../arm-none-eabi/lib/thumb/v7-m/nofp\libg.a(lib_a-reallocr.o)
                0x08011438                _realloc_r
 .text.frexp    0x08011814       0x70 d:/tool/gcc-arm-none-eabi-10.3-2021.10/bin/../lib/gcc/arm-none-eabi/10.3.1/../../../../arm-none-eabi/lib/thumb/v7-m/nofp\libg.a(lib_a-s_frexp.o)
                0x08011814                frexp
 .text._sbrk_r  0x08011884       0x24 d:/tool/gcc-arm-none-eabi-10.3-2021.10/bin/../lib/gcc/arm-none-eabi/10.3.1/../../../../arm-none-eabi/lib/thumb/v7-m/nofp\libg.a(lib_a-sbrkr.o)
                0x08011884                _sbrk_r
 .text.__sread  0x080118a8       0x24 d:/tool/gcc-arm-none-eabi-10.3-2021.10/bin/../lib/gcc/arm-none-eabi/10.3.1/../../../../arm-none-eabi/lib/thumb/v7-m/nofp\libg.a(lib_a-stdio.o)
                0x080118a8                __sread
 .text.__swrite
                0x080118cc       0x40 d:/tool/gcc-arm-none-eabi-10.3-2021.10/bin/../lib/gcc/arm-none-eabi/10.3.1/../../../../arm-none-eabi/lib/thumb/v7-m/nofp\libg.a(lib_a-stdio.o)
                0x080118cc                __swrite
 .text.__sseek  0x0801190c       0x20 d:/tool/gcc-arm-none-eabi-10.3-2021.10/bin/../lib/gcc/arm-none-eabi/10.3.1/../../../../arm-none-eabi/lib/thumb/v7-m/nofp\libg.a(lib_a-stdio.o)
                0x0801190c                __sseek
 .text.__sclose
                0x0801192c        0x8 d:/tool/gcc-arm-none-eabi-10.3-2021.10/bin/../lib/gcc/arm-none-eabi/10.3.1/../../../../arm-none-eabi/lib/thumb/v7-m/nofp\libg.a(lib_a-stdio.o)
                0x0801192c                __sclose
 .text.strncpy  0x08011934       0x68 d:/tool/gcc-arm-none-eabi-10.3-2021.10/bin/../lib/gcc/arm-none-eabi/10.3.1/../../../../arm-none-eabi/lib/thumb/v7-m/nofp\libg.a(lib_a-strncpy.o)
                0x08011934                strncpy
 .text.__ssprint_r
                0x0801199c       0xfc d:/tool/gcc-arm-none-eabi-10.3-2021.10/bin/../lib/gcc/arm-none-eabi/10.3.1/../../../../arm-none-eabi/lib/thumb/v7-m/nofp\libg.a(lib_a-svfiprintf.o)
                0x0801199c                __ssprint_r
 .text.__sprint_r.part.0
                0x08011a98       0x78 d:/tool/gcc-arm-none-eabi-10.3-2021.10/bin/../lib/gcc/arm-none-eabi/10.3.1/../../../../arm-none-eabi/lib/thumb/v7-m/nofp\libg.a(lib_a-vfiprintf.o)
 .text.__sprint_r
                0x08011b10       0x14 d:/tool/gcc-arm-none-eabi-10.3-2021.10/bin/../lib/gcc/arm-none-eabi/10.3.1/../../../../arm-none-eabi/lib/thumb/v7-m/nofp\libg.a(lib_a-vfiprintf.o)
                0x08011b10                __sprint_r
 .text._vfiprintf_r
                0x08011b24      0xd98 d:/tool/gcc-arm-none-eabi-10.3-2021.10/bin/../lib/gcc/arm-none-eabi/10.3.1/../../../../arm-none-eabi/lib/thumb/v7-m/nofp\libg.a(lib_a-vfiprintf.o)
                0x08011b24                _vfiprintf_r
 .text.__sbprintf
                0x080128bc       0x84 d:/tool/gcc-arm-none-eabi-10.3-2021.10/bin/../lib/gcc/arm-none-eabi/10.3.1/../../../../arm-none-eabi/lib/thumb/v7-m/nofp\libg.a(lib_a-vfiprintf.o)
 .text._write_r
                0x08012940       0x2c d:/tool/gcc-arm-none-eabi-10.3-2021.10/bin/../lib/gcc/arm-none-eabi/10.3.1/../../../../arm-none-eabi/lib/thumb/v7-m/nofp\libg.a(lib_a-writer.o)
                0x08012940                _write_r
 .text.__register_exitproc
                0x0801296c       0x8c d:/tool/gcc-arm-none-eabi-10.3-2021.10/bin/../lib/gcc/arm-none-eabi/10.3.1/../../../../arm-none-eabi/lib/thumb/v7-m/nofp\libg.a(lib_a-__atexit.o)
                0x0801296c                __register_exitproc
 .text.__assert_func
                0x080129f8       0x40 d:/tool/gcc-arm-none-eabi-10.3-2021.10/bin/../lib/gcc/arm-none-eabi/10.3.1/../../../../arm-none-eabi/lib/thumb/v7-m/nofp\libg.a(lib_a-assert.o)
                0x080129f8                __assert_func
 .text._calloc_r
                0x08012a38       0x78 d:/tool/gcc-arm-none-eabi-10.3-2021.10/bin/../lib/gcc/arm-none-eabi/10.3.1/../../../../arm-none-eabi/lib/thumb/v7-m/nofp\libg.a(lib_a-callocr.o)
                0x08012a38                _calloc_r
 .text._close_r
                0x08012ab0       0x24 d:/tool/gcc-arm-none-eabi-10.3-2021.10/bin/../lib/gcc/arm-none-eabi/10.3.1/../../../../arm-none-eabi/lib/thumb/v7-m/nofp\libg.a(lib_a-closer.o)
                0x08012ab0                _close_r
 .text._fclose_r
                0x08012ad4       0xcc d:/tool/gcc-arm-none-eabi-10.3-2021.10/bin/../lib/gcc/arm-none-eabi/10.3.1/../../../../arm-none-eabi/lib/thumb/v7-m/nofp\libg.a(lib_a-fclose.o)
                0x08012ad4                _fclose_r
 .text.fiprintf
                0x08012ba0       0x28 d:/tool/gcc-arm-none-eabi-10.3-2021.10/bin/../lib/gcc/arm-none-eabi/10.3.1/../../../../arm-none-eabi/lib/thumb/v7-m/nofp\libg.a(lib_a-fiprintf.o)
                0x08012ba0                fiprintf
 .text.__fputwc
                0x08012bc8       0xa0 d:/tool/gcc-arm-none-eabi-10.3-2021.10/bin/../lib/gcc/arm-none-eabi/10.3.1/../../../../arm-none-eabi/lib/thumb/v7-m/nofp\libg.a(lib_a-fputwc.o)
                0x08012bc8                __fputwc
 .text._fputwc_r
                0x08012c68       0x68 d:/tool/gcc-arm-none-eabi-10.3-2021.10/bin/../lib/gcc/arm-none-eabi/10.3.1/../../../../arm-none-eabi/lib/thumb/v7-m/nofp\libg.a(lib_a-fputwc.o)
                0x08012c68                _fputwc_r
 .text._fstat_r
                0x08012cd0       0x28 d:/tool/gcc-arm-none-eabi-10.3-2021.10/bin/../lib/gcc/arm-none-eabi/10.3.1/../../../../arm-none-eabi/lib/thumb/v7-m/nofp\libg.a(lib_a-fstatr.o)
                0x08012cd0                _fstat_r
 .text._isatty_r
                0x08012cf8       0x24 d:/tool/gcc-arm-none-eabi-10.3-2021.10/bin/../lib/gcc/arm-none-eabi/10.3.1/../../../../arm-none-eabi/lib/thumb/v7-m/nofp\libg.a(lib_a-isattyr.o)
                0x08012cf8                _isatty_r
 .text.__locale_mb_cur_max
                0x08012d1c        0xc d:/tool/gcc-arm-none-eabi-10.3-2021.10/bin/../lib/gcc/arm-none-eabi/10.3.1/../../../../arm-none-eabi/lib/thumb/v7-m/nofp\libg.a(lib_a-locale.o)
                0x08012d1c                __locale_mb_cur_max
 .text._lseek_r
                0x08012d28       0x2c d:/tool/gcc-arm-none-eabi-10.3-2021.10/bin/../lib/gcc/arm-none-eabi/10.3.1/../../../../arm-none-eabi/lib/thumb/v7-m/nofp\libg.a(lib_a-lseekr.o)
                0x08012d28                _lseek_r
 .text.__ascii_mbtowc
                0x08012d54       0x2c d:/tool/gcc-arm-none-eabi-10.3-2021.10/bin/../lib/gcc/arm-none-eabi/10.3.1/../../../../arm-none-eabi/lib/thumb/v7-m/nofp\libg.a(lib_a-mbtowc_r.o)
                0x08012d54                __ascii_mbtowc
 .text._read_r  0x08012d80       0x2c d:/tool/gcc-arm-none-eabi-10.3-2021.10/bin/../lib/gcc/arm-none-eabi/10.3.1/../../../../arm-none-eabi/lib/thumb/v7-m/nofp\libg.a(lib_a-readr.o)
                0x08012d80                _read_r
 .text.__swbuf_r
                0x08012dac       0xb0 d:/tool/gcc-arm-none-eabi-10.3-2021.10/bin/../lib/gcc/arm-none-eabi/10.3.1/../../../../arm-none-eabi/lib/thumb/v7-m/nofp\libg.a(lib_a-wbuf.o)
                0x08012dac                __swbuf_r
 .text._wcrtomb_r
                0x08012e5c       0x3c d:/tool/gcc-arm-none-eabi-10.3-2021.10/bin/../lib/gcc/arm-none-eabi/10.3.1/../../../../arm-none-eabi/lib/thumb/v7-m/nofp\libg.a(lib_a-wcrtomb.o)
                0x08012e5c                _wcrtomb_r
 .text.__ascii_wctomb
                0x08012e98       0x1c d:/tool/gcc-arm-none-eabi-10.3-2021.10/bin/../lib/gcc/arm-none-eabi/10.3.1/../../../../arm-none-eabi/lib/thumb/v7-m/nofp\libg.a(lib_a-wctomb_r.o)
                0x08012e98                __ascii_wctomb
 .text.abort    0x08012eb4       0x10 d:/tool/gcc-arm-none-eabi-10.3-2021.10/bin/../lib/gcc/arm-none-eabi/10.3.1/../../../../arm-none-eabi/lib/thumb/v7-m/nofp\libg.a(lib_a-abort.o)
                0x08012eb4                abort
 .text.raise    0x08012ec4       0x5c d:/tool/gcc-arm-none-eabi-10.3-2021.10/bin/../lib/gcc/arm-none-eabi/10.3.1/../../../../arm-none-eabi/lib/thumb/v7-m/nofp\libg.a(lib_a-signal.o)
                0x08012ec4                raise
 .text._kill_r  0x08012f20       0x28 d:/tool/gcc-arm-none-eabi-10.3-2021.10/bin/../lib/gcc/arm-none-eabi/10.3.1/../../../../arm-none-eabi/lib/thumb/v7-m/nofp\libg.a(lib_a-signalr.o)
                0x08012f20                _kill_r
 .text._getpid_r
                0x08012f48        0x4 d:/tool/gcc-arm-none-eabi-10.3-2021.10/bin/../lib/gcc/arm-none-eabi/10.3.1/../../../../arm-none-eabi/lib/thumb/v7-m/nofp\libg.a(lib_a-signalr.o)
                0x08012f48                _getpid_r
 *(.glue_7)
 .glue_7        0x08012f4c        0x0 linker stubs
 *(.glue_7t)
 .glue_7t       0x08012f4c        0x0 linker stubs
 *(.eh_frame)
 .eh_frame      0x08012f4c        0x0 d:/tool/gcc-arm-none-eabi-10.3-2021.10/bin/../lib/gcc/arm-none-eabi/10.3.1/thumb/v7-m/nofp/crtbegin.o
 *(.init)
 .init          0x08012f4c        0x4 d:/tool/gcc-arm-none-eabi-10.3-2021.10/bin/../lib/gcc/arm-none-eabi/10.3.1/thumb/v7-m/nofp/crti.o
                0x08012f4c                _init
 .init          0x08012f50        0x8 d:/tool/gcc-arm-none-eabi-10.3-2021.10/bin/../lib/gcc/arm-none-eabi/10.3.1/thumb/v7-m/nofp/crtn.o
 *(.fini)
 .fini          0x08012f58        0x4 d:/tool/gcc-arm-none-eabi-10.3-2021.10/bin/../lib/gcc/arm-none-eabi/10.3.1/thumb/v7-m/nofp/crti.o
                0x08012f58                _fini
 .fini          0x08012f5c        0x8 d:/tool/gcc-arm-none-eabi-10.3-2021.10/bin/../lib/gcc/arm-none-eabi/10.3.1/thumb/v7-m/nofp/crtn.o
                0x08012f64                . = ALIGN (0x4)
                0x08012f64                _etext = .

.vfp11_veneer   0x08012f64        0x0
 .vfp11_veneer  0x08012f64        0x0 linker stubs

.v4_bx          0x08012f64        0x0
 .v4_bx         0x08012f64        0x0 linker stubs

.iplt           0x08012f64        0x0
 .iplt          0x08012f64        0x0 d:/tool/gcc-arm-none-eabi-10.3-2021.10/bin/../lib/gcc/arm-none-eabi/10.3.1/thumb/v7-m/nofp/crtbegin.o

.rodata         0x08012f68    0x2cd90
                0x08012f68                . = ALIGN (0x4)
 *(.rodata)
 *(.rodata*)
 .rodata.LCD_Init.str1.4
                0x08012f68        0xd CMakeFiles/graft_PICTURE.elf.dir/Core/Src/lcd.c.obj
 *fill*         0x08012f75        0x3 
 .rodata.asc2_1206
                0x08012f78      0x474 CMakeFiles/graft_PICTURE.elf.dir/Core/Src/lcd.c.obj
                0x08012f78                asc2_1206
 .rodata.asc2_1608
                0x080133ec      0x5f0 CMakeFiles/graft_PICTURE.elf.dir/Core/Src/lcd.c.obj
                0x080133ec                asc2_1608
 .rodata.asc2_2412
                0x080139dc      0xd5c CMakeFiles/graft_PICTURE.elf.dir/Core/Src/lcd.c.obj
                0x080139dc                asc2_2412
 .rodata.main.str1.4
                0x08014738       0xde CMakeFiles/graft_PICTURE.elf.dir/Core/Src/main.c.obj
 *fill*         0x08014816        0x2 
 .rodata.memblksize
                0x08014818        0x8 CMakeFiles/graft_PICTURE.elf.dir/Core/Src/malloc.c.obj
                0x08014818                memblksize
 .rodata.memsize
                0x08014820        0x8 CMakeFiles/graft_PICTURE.elf.dir/Core/Src/malloc.c.obj
                0x08014820                memsize
 .rodata.memtblsize
                0x08014828        0x8 CMakeFiles/graft_PICTURE.elf.dir/Core/Src/malloc.c.obj
                0x08014828                memtblsize
 .rodata.AHBPrescTable
                0x08014830       0x10 CMakeFiles/graft_PICTURE.elf.dir/Core/Src/system_stm32f1xx.c.obj
                0x08014830                AHBPrescTable
 .rodata.APBPrescTable
                0x08014840        0x8 CMakeFiles/graft_PICTURE.elf.dir/Core/Src/system_stm32f1xx.c.obj
                0x08014840                APBPrescTable
 .rodata.HAL_RCC_GetSysClockFreq.str1.4
                0x08014848       0x11 CMakeFiles/graft_PICTURE.elf.dir/Drivers/STM32F1xx_HAL_Driver/Src/stm32f1xx_hal_rcc.c.obj
 *fill*         0x08014859        0x3 
 .rodata.SD_Driver
                0x0801485c       0x14 CMakeFiles/graft_PICTURE.elf.dir/Middlewares/Third_Party/FatFs/src/drivers/sd_diskio.c.obj
                0x0801485c                SD_Driver
 .rodata.create_name.str1.4
                0x08014870       0x13 CMakeFiles/graft_PICTURE.elf.dir/Middlewares/Third_Party/FatFs/src/ff.c.obj
 *fill*         0x08014883        0x1 
 .rodata.LfnOfs
                0x08014884        0xd CMakeFiles/graft_PICTURE.elf.dir/Middlewares/Third_Party/FatFs/src/ff.c.obj
 *fill*         0x08014891        0x3 
 .rodata.oem2uni
                0x08014894    0x15484 CMakeFiles/graft_PICTURE.elf.dir/Middlewares/Third_Party/FatFs/src/option/cc936.c.obj
 .rodata.tbl_lower.1
                0x08029d18      0x1e0 CMakeFiles/graft_PICTURE.elf.dir/Middlewares/Third_Party/FatFs/src/option/cc936.c.obj
 .rodata.tbl_upper.0
                0x08029ef8      0x1e0 CMakeFiles/graft_PICTURE.elf.dir/Middlewares/Third_Party/FatFs/src/option/cc936.c.obj
 .rodata.uni2oem
                0x0802a0d8    0x15484 CMakeFiles/graft_PICTURE.elf.dir/Middlewares/Third_Party/FatFs/src/option/cc936.c.obj
 .rodata.printf_fatfs_error.str1.4
                0x0803f55c      0x252 CMakeFiles/graft_PICTURE.elf.dir/TEXT/fontupd.c.obj
 *fill*         0x0803f7ae        0x2 
 .rodata.fupd_prog.str1.4
                0x0803f7b0        0x2 CMakeFiles/graft_PICTURE.elf.dir/TEXT/fontupd.c.obj
 *fill*         0x0803f7b2        0x2 
 .rodata.update_font.str1.4
                0x0803f7b4      0x11e CMakeFiles/graft_PICTURE.elf.dir/TEXT/fontupd.c.obj
 *fill*         0x0803f8d2        0x2 
 .rodata._global_impure_ptr
                0x0803f8d4        0x4 d:/tool/gcc-arm-none-eabi-10.3-2021.10/bin/../lib/gcc/arm-none-eabi/10.3.1/../../../../arm-none-eabi/lib/thumb/v7-m/nofp\libg.a(lib_a-impure.o)
                0x0803f8d4                _global_impure_ptr
 .rodata._puts_r.str1.4
                0x0803f8d8        0x2 d:/tool/gcc-arm-none-eabi-10.3-2021.10/bin/../lib/gcc/arm-none-eabi/10.3.1/../../../../arm-none-eabi/lib/thumb/v7-m/nofp\libg.a(lib_a-puts.o)
 *fill*         0x0803f8da        0x2 
 .rodata._svfprintf_r.str1.4
                0x0803f8dc       0x42 d:/tool/gcc-arm-none-eabi-10.3-2021.10/bin/../lib/gcc/arm-none-eabi/10.3.1/../../../../arm-none-eabi/lib/thumb/v7-m/nofp\libg.a(lib_a-svfprintf.o)
 *fill*         0x0803f91e        0x2 
 .rodata.blanks.1
                0x0803f920       0x10 d:/tool/gcc-arm-none-eabi-10.3-2021.10/bin/../lib/gcc/arm-none-eabi/10.3.1/../../../../arm-none-eabi/lib/thumb/v7-m/nofp\libg.a(lib_a-svfprintf.o)
 .rodata.zeroes.0
                0x0803f930       0x10 d:/tool/gcc-arm-none-eabi-10.3-2021.10/bin/../lib/gcc/arm-none-eabi/10.3.1/../../../../arm-none-eabi/lib/thumb/v7-m/nofp\libg.a(lib_a-svfprintf.o)
 .rodata._vfprintf_r.str1.4
                0x0803f940       0x42 d:/tool/gcc-arm-none-eabi-10.3-2021.10/bin/../lib/gcc/arm-none-eabi/10.3.1/../../../../arm-none-eabi/lib/thumb/v7-m/nofp\libg.a(lib_a-vfprintf.o)
 .rodata.blanks.1
                0x0803f940       0x10 d:/tool/gcc-arm-none-eabi-10.3-2021.10/bin/../lib/gcc/arm-none-eabi/10.3.1/../../../../arm-none-eabi/lib/thumb/v7-m/nofp\libg.a(lib_a-vfprintf.o)
 .rodata.zeroes.0
                0x0803f950       0x10 d:/tool/gcc-arm-none-eabi-10.3-2021.10/bin/../lib/gcc/arm-none-eabi/10.3.1/../../../../arm-none-eabi/lib/thumb/v7-m/nofp\libg.a(lib_a-vfprintf.o)
 .rodata._dtoa_r.str1.4
                0x0803f960       0xa2 d:/tool/gcc-arm-none-eabi-10.3-2021.10/bin/../lib/gcc/arm-none-eabi/10.3.1/../../../../arm-none-eabi/lib/thumb/v7-m/nofp\libg.a(lib_a-dtoa.o)
                                 0xa6 (size before relaxing)
 *fill*         0x0803fa02        0x2 
 .rodata.__multadd.str1.4
                0x0803fa04       0x7f d:/tool/gcc-arm-none-eabi-10.3-2021.10/bin/../lib/gcc/arm-none-eabi/10.3.1/../../../../arm-none-eabi/lib/thumb/v7-m/nofp\libg.a(lib_a-mprec.o)
                                 0x93 (size before relaxing)
 *fill*         0x0803fa83        0x5 
 .rodata.__mprec_bigtens
                0x0803fa88       0x28 d:/tool/gcc-arm-none-eabi-10.3-2021.10/bin/../lib/gcc/arm-none-eabi/10.3.1/../../../../arm-none-eabi/lib/thumb/v7-m/nofp\libg.a(lib_a-mprec.o)
                0x0803fa88                __mprec_bigtens
 .rodata.__mprec_tens
                0x0803fab0       0xc8 d:/tool/gcc-arm-none-eabi-10.3-2021.10/bin/../lib/gcc/arm-none-eabi/10.3.1/../../../../arm-none-eabi/lib/thumb/v7-m/nofp\libg.a(lib_a-mprec.o)
                0x0803fab0                __mprec_tens
 .rodata.p05.0  0x0803fb78        0xc d:/tool/gcc-arm-none-eabi-10.3-2021.10/bin/../lib/gcc/arm-none-eabi/10.3.1/../../../../arm-none-eabi/lib/thumb/v7-m/nofp\libg.a(lib_a-mprec.o)
 .rodata._vfiprintf_r.str1.4
                0x0803fb84       0x2f d:/tool/gcc-arm-none-eabi-10.3-2021.10/bin/../lib/gcc/arm-none-eabi/10.3.1/../../../../arm-none-eabi/lib/thumb/v7-m/nofp\libg.a(lib_a-vfiprintf.o)
 .rodata.blanks.1
                0x0803fb84       0x10 d:/tool/gcc-arm-none-eabi-10.3-2021.10/bin/../lib/gcc/arm-none-eabi/10.3.1/../../../../arm-none-eabi/lib/thumb/v7-m/nofp\libg.a(lib_a-vfiprintf.o)
 .rodata.zeroes.0
                0x0803fb94       0x10 d:/tool/gcc-arm-none-eabi-10.3-2021.10/bin/../lib/gcc/arm-none-eabi/10.3.1/../../../../arm-none-eabi/lib/thumb/v7-m/nofp\libg.a(lib_a-vfiprintf.o)
 .rodata.__assert_func.str1.4
                0x0803fba4       0x3f d:/tool/gcc-arm-none-eabi-10.3-2021.10/bin/../lib/gcc/arm-none-eabi/10.3.1/../../../../arm-none-eabi/lib/thumb/v7-m/nofp\libg.a(lib_a-assert.o)
                                 0x43 (size before relaxing)
 *fill*         0x0803fbe3        0x1 
 .rodata._setlocale_r.str1.4
                0x0803fbe4        0xa d:/tool/gcc-arm-none-eabi-10.3-2021.10/bin/../lib/gcc/arm-none-eabi/10.3.1/../../../../arm-none-eabi/lib/thumb/v7-m/nofp\libg.a(lib_a-locale.o)
                                  0xd (size before relaxing)
 *fill*         0x0803fbee        0x2 
 .rodata.str1.4
                0x0803fbf0        0x2 d:/tool/gcc-arm-none-eabi-10.3-2021.10/bin/../lib/gcc/arm-none-eabi/10.3.1/../../../../arm-none-eabi/lib/thumb/v7-m/nofp\libg.a(lib_a-locale.o)
 *fill*         0x0803fbf2        0x2 
 .rodata._ctype_
                0x0803fbf4      0x101 d:/tool/gcc-arm-none-eabi-10.3-2021.10/bin/../lib/gcc/arm-none-eabi/10.3.1/../../../../arm-none-eabi/lib/thumb/v7-m/nofp\libg.a(lib_a-ctype_.o)
                0x0803fbf4                _ctype_
                0x0803fcf8                . = ALIGN (0x4)
 *fill*         0x0803fcf5        0x3 

.ARM.extab
 *(.ARM.extab* .gnu.linkonce.armextab.*)
